<html>
<body>
<pre>
<h1>µVision Build Log</h1>
<h2>Tool Versions:</h2>
IDE-Version: µVision V5.24.2.0
Copyright (C) 2017 ARM Ltd and ARM Germany GmbH. All rights reserved.
License Information: home home, home, LIC=----
 
Tool Versions:
Toolchain:       MDK-Lite  Version: 5.24.1
Toolchain Path:  C:\Keil_v5\ARM\ARMCC\Bin
C Compiler:      Armcc.exe V5.06 update 5 (build 528)
Assembler:       Armasm.exe V5.06 update 5 (build 528)
Linker/Locator:  ArmLink.exe V5.06 update 5 (build 528)
Library Manager: ArmAr.exe V5.06 update 5 (build 528)
Hex Converter:   FromElf.exe V5.06 update 5 (build 528)
CPU DLL:         SARMCM3.DLL V5.24.1
Dialog DLL:      DCM.DLL V1.16.0.0
Target DLL:      STLink\ST-LINKIII-KEIL_SWO.dll V3.0.1.0
Dialog DLL:      TCM.DLL V1.32.0.0
 
<h2>Project:</h2>
C:\Users\Shkodina\Desktop\balabolka\MDK-ARM\balabolka_f103rtc.uvprojx
Project File Date:  10/12/2019

<h2>Output:</h2>
*** Using Compiler 'V5.06 update 5 (build 528)', folder: 'C:\Keil_v5\ARM\ARMCC\Bin'
Build target 'balabolka_f103rtc'
compiling main.c...
../Inc/pip_define.h(116): warning:  #1-D: last line of file ends without a newline
  #endif
../Src/main.c(138): warning:  #68-D: integer conversion resulted in a change of sign
  volatile static uint16_t next_track = -1;
../Src/main.c(168): warning:  #188-D: enumerated type mixed with another type
  volatile GPIO_PinState last_button_state[
UTTONS_COUNT] = {0};
../Src/main.c(278): warning:  #68-D: integer conversion resulted in a change of sign
  							next_track = -1;
../Src/main.c(871): warning:  #167-D: argument of type "volatile int16_t *" is incompatible with parameter of type "void *"
  	if(f_read(&file, buff[cur_buff], bufflen*2, &bytesread) == FR_OK){
../Src/main.c(1293): warning:  #68-D: integer conversion resulted in a change of sign
  					next_track = -1;
(f_read(&file, buff[cur_buff], bufflen*2, &bytesread) == FR_OK)
../Src/main.c(933): warning:  #167-D: argument of type "volatile int16_t *" is incompatible with parameter of type "void *"
  	memset(buff[0], 0, 
UFFLEN*2);
../Src/main.c(934): warning:  #167-D: argument of type "volatile int16_t *" is incompatible with parameter of type "void *"
  	memset(buff[1], 0, 
UFFLEN*2);
../Src/main.c: 9 warnings, 0 errors
linking...
Program Size: Code=26556 RO-data=708 RW-data=76 ZI-data=16060  
"balabolka_f103rtc\balabolka_f103rtc.axf" - 0 Error(s), 8 Warning(s).

<h2>Software Packages used:</h2>

Package Vendor: ARM
                http://www.keil.com/pack/ARM.CMSIS.5.0.1.pack
                ARM.CMSIS.5.0.1
                CMSIS (Cortex Microcontroller Software Interface Standard)
   * Component: CORE Version: 5.0.1

Package Vendor: Keil
                http://www.keil.com/pack/Keil.STM32F1xx_DFP.2.3.0.pack
                Keil.STM32F1xx_DFP.2.3.0
                STMicroelectronics STM32F1 Series Device Support, Drivers and Examples

<h2>Collection of Component include folders:</h2>
  .\RTE\_balabolka_f103rtc
  C:\Keil_v5\ARM\PACK\ARM\CMSIS\5.0.1\CMSIS\Include
  C:\Keil_v5\ARM\PACK\Keil\STM32F1xx_DFP\2.3.0\Device\Include

<h2>Collection of Component Files used:</h2>

   * Component: ARM::CMSIS:CORE:5.0.1
Build Time Elapsed:  00:00:13
</pre>
</body>
</html>
