<html>
<body>
<pre>
<h1>µVision Build Log</h1>
<h2>Tool Versions:</h2>
IDE-Version: µVision V5.20.0.0
Copyright (C) 2016 ARM Ltd and ARM Germany GmbH. All rights reserved.
License Information: 1 Microsoft, Microsoft, LIC=EPPFW-QC4P5-YC8J1-CJ6HQ-CML30-999NF
 
Tool Versions:
Toolchain:       MDK-ARM Professional  Version: 5.20
Toolchain Path:  C:\Keil_v5\ARM\ARMCC\Bin
C Compiler:      Armcc.exe V5.06 update 2 (build 183)
Assembler:       Armasm.exe V5.06 update 2 (build 183)
Linker/Locator:  ArmLink.exe V5.06 update 2 (build 183)
Library Manager: ArmAr.exe V5.06 update 2 (build 183)
Hex Converter:   FromElf.exe V5.06 update 2 (build 183)
CPU DLL:         SARMCM3.DLL V5.20
Dialog DLL:      DCM.DLL V1.13.7.0
Target DLL:      STLink\ST-LINKIII-KEIL_SWO.dll V2.0.18.0
Dialog DLL:      TCM.DLL V1.14.9.0
 
<h2>Project:</h2>
D:\YandexDisk\Проекты. Контроллер. Концепции\Реализованные проекты\Балаболка\balabolka_stm32f103\balabolka_f103rtc\MDK-ARM\balabolka_f103rtc.uvprojx
Project File Date:  06/06/2017

<h2>Output:</h2>
*** Using Compiler 'V5.06 update 2 (build 183)', folder: 'C:\Keil_v5\ARM\ARMCC\Bin'
Rebuild target 'balabolka_f103rtc'
assembling startup_stm32f103xe.s...
compiling stm32f1xx_hal_msp.c...
compiling main.c...
../Src/main.c(135): warning:  #68-D: integer conversion resulted in a change of sign
  volatile static uint16_t next_track = -1;
../Src/main.c(269): warning:  #188-D: enumerated type mixed with another type
  volatile GPIO_PinState last_button_state[
UTTONS_COUNT] = {0};
../Src/main.c(936): warning:  #167-D: argument of type "volatile int16_t *" is incompatible with parameter of type "void *"
  				if(f_read(&file, buff[cur_buff], bufflen*2, &bytesread) == FR_OK){
../Src/main.c(949): warning:  #167-D: argument of type "volatile int16_t *" is incompatible with parameter of type "void *"
  				while ((f_read(&file, buff[cur_buff], bufflen*2, &bytesread) == FR_OK)
../Src/main.c(1001): warning:  #167-D: argument of type "volatile int16_t *" is incompatible with parameter of type "void *"
  	memset(buff[0], 0, 
UFFLEN*2);
../Src/main.c(1002): warning:  #167-D: argument of type "volatile int16_t *" is incompatible with parameter of type "void *"
  	memset(buff[1], 0, 
UFFLEN*2);
../Src/main.c(1351): warning:  #68-D: integer conversion resulted in a change of sign
  					next_track = -1;
../Src/main.c: 7 warnings, 0 errors
compiling stm32f1xx_it.c...
compiling fatfs.c...
compiling bsp_driver_sd.c...
compiling stm32f1xx_hal_pwr.c...
compiling stm32f1xx_hal_flash.c...
compiling stm32f1xx_hal_cortex.c...
compiling stm32f1xx_hal_flash_ex.c...
compiling stm32f1xx_hal.c...
compiling stm32f1xx_hal_dma.c...
compiling stm32f1xx_hal_tim.c...
compiling stm32f1xx_hal_gpio.c...
compiling stm32f1xx_hal_tim_ex.c...
compiling stm32f1xx_hal_rcc.c...
compiling stm32f1xx_hal_rcc_ex.c...
compiling stm32f1xx_hal_gpio_ex.c...
compiling stm32f1xx_ll_sdmmc.c...
compiling stm32f1xx_hal_sd.c...
compiling stm32f1xx_hal_uart.c...
compiling stm32f1xx_hal_dac.c...
compiling stm32f1xx_hal_adc_ex.c...
compiling stm32f1xx_hal_dac_ex.c...
compiling stm32f1xx_hal_adc.c...
compiling system_stm32f1xx.c...
compiling diskio.c...
compiling syscall.c...
compiling sd_diskio.c...
compiling ff_gen_drv.c...
compiling ff.c...
linking...
Program Size: Code=27424 RO-data=616 RW-data=76 ZI-data=16188  
"balabolka_f103rtc\balabolka_f103rtc.axf" - 0 Error(s), 7 Warning(s).

<h2>Software Packages used:</h2>

Package Vendor: ARM
                http://www.keil.com/pack/ARM.CMSIS.5.0.0-Beta4.pack
                ARM::CMSIS:CORE:5.0.0
                CMSIS (Cortex Microcontroller Software Interface Standard)
   * Component: CORE Version: 5.0.0

<h2>Collection of Component include folders:</h2>
  D:\YandexDisk\Проекты. Контроллер. Концепции\Реализованные проекты\Балаболка\balabolka_stm32f103\balabolka_f103rtc\MDK-ARM\RTE
  C:\Keil_v5\ARM\PACK\ARM\CMSIS\5.0.0-Beta4\CMSIS\Include
  C:\Keil_v5\ARM\PACK\Keil\STM32F1xx_DFP\2.1.0\Device\Include

<h2>Collection of Component Files used:</h2>

   * Component: ARM::CMSIS:CORE:5.0.0
Build Time Elapsed:  00:01:13
</pre>
</body>
</html>
