Component: ARM Compiler 5.06 update 2 (build 183) Tool: armlink [4d35b7]

==============================================================================

Section Cross References

    startup_stm32f103xe.o(RESET) refers to startup_stm32f103xe.o(STACK) for __initial_sp
    startup_stm32f103xe.o(RESET) refers to startup_stm32f103xe.o(.text) for Reset_Handler
    startup_stm32f103xe.o(RESET) refers to stm32f1xx_it.o(i.NMI_Handler) for NMI_Handler
    startup_stm32f103xe.o(RESET) refers to stm32f1xx_it.o(i.HardFault_Handler) for HardFault_Handler
    startup_stm32f103xe.o(RESET) refers to stm32f1xx_it.o(i.MemManage_Handler) for MemManage_Handler
    startup_stm32f103xe.o(RESET) refers to stm32f1xx_it.o(i.BusFault_Handler) for BusFault_Handler
    startup_stm32f103xe.o(RESET) refers to stm32f1xx_it.o(i.UsageFault_Handler) for UsageFault_Handler
    startup_stm32f103xe.o(RESET) refers to stm32f1xx_it.o(i.SVC_Handler) for SVC_Handler
    startup_stm32f103xe.o(RESET) refers to stm32f1xx_it.o(i.DebugMon_Handler) for DebugMon_Handler
    startup_stm32f103xe.o(RESET) refers to stm32f1xx_it.o(i.PendSV_Handler) for PendSV_Handler
    startup_stm32f103xe.o(RESET) refers to stm32f1xx_it.o(i.SysTick_Handler) for SysTick_Handler
    startup_stm32f103xe.o(RESET) refers to stm32f1xx_it.o(i.DMA1_Channel1_IRQHandler) for DMA1_Channel1_IRQHandler
    startup_stm32f103xe.o(RESET) refers to stm32f1xx_it.o(i.ADC1_2_IRQHandler) for ADC1_2_IRQHandler
    startup_stm32f103xe.o(RESET) refers to stm32f1xx_it.o(i.TIM7_IRQHandler) for TIM7_IRQHandler
    startup_stm32f103xe.o(RESET) refers to stm32f1xx_it.o(i.DMA2_Channel4_5_IRQHandler) for DMA2_Channel4_5_IRQHandler
    startup_stm32f103xe.o(.text) refers to system_stm32f1xx.o(i.SystemInit) for SystemInit
    startup_stm32f103xe.o(.text) refers to entry.o(.ARM.Collect$$$$00000000) for __main
    main.o(i.Log) refers to printf6.o(i.__0sprintf$6) for __2sprintf
    main.o(i.Log) refers to strlen.o(.text) for strlen
    main.o(i.Log) refers to stm32f1xx_hal_uart.o(i.HAL_UART_Transmit) for HAL_UART_Transmit
    main.o(i.Log) refers to main.o(.bss) for .bss
    main.o(i.MX_ADC1_Init) refers to stm32f1xx_hal_adc.o(i.HAL_ADC_Init) for HAL_ADC_Init
    main.o(i.MX_ADC1_Init) refers to stm32f1xx_hal_adc.o(i.HAL_ADC_ConfigChannel) for HAL_ADC_ConfigChannel
    main.o(i.MX_ADC1_Init) refers to main.o(.bss) for .bss
    main.o(i.MX_DAC_Init) refers to stm32f1xx_hal_dac.o(i.HAL_DAC_Init) for HAL_DAC_Init
    main.o(i.MX_DAC_Init) refers to stm32f1xx_hal_dac.o(i.HAL_DAC_ConfigChannel) for HAL_DAC_ConfigChannel
    main.o(i.MX_DAC_Init) refers to stm32f1xx_hal_dac_ex.o(i.HAL_DACEx_NoiseWaveGenerate) for HAL_DACEx_NoiseWaveGenerate
    main.o(i.MX_DAC_Init) refers to main.o(.bss) for .bss
    main.o(i.MX_GPIO_Init) refers to stm32f1xx_hal_gpio.o(i.HAL_GPIO_WritePin) for HAL_GPIO_WritePin
    main.o(i.MX_GPIO_Init) refers to stm32f1xx_hal_gpio.o(i.HAL_GPIO_Init) for HAL_GPIO_Init
    main.o(i.SystemClock_Config) refers to stm32f1xx_hal_rcc.o(i.HAL_RCC_OscConfig) for HAL_RCC_OscConfig
    main.o(i.SystemClock_Config) refers to stm32f1xx_hal_rcc.o(i.HAL_RCC_ClockConfig) for HAL_RCC_ClockConfig
    main.o(i.SystemClock_Config) refers to stm32f1xx_hal_rcc_ex.o(i.HAL_RCCEx_PeriphCLKConfig) for HAL_RCCEx_PeriphCLKConfig
    main.o(i.SystemClock_Config) refers to stm32f1xx_hal_rcc.o(i.HAL_RCC_GetHCLKFreq) for HAL_RCC_GetHCLKFreq
    main.o(i.SystemClock_Config) refers to stm32f1xx_hal_cortex.o(i.HAL_SYSTICK_Config) for HAL_SYSTICK_Config
    main.o(i.SystemClock_Config) refers to stm32f1xx_hal_cortex.o(i.HAL_SYSTICK_CLKSourceConfig) for HAL_SYSTICK_CLKSourceConfig
    main.o(i.SystemClock_Config) refers to stm32f1xx_hal_cortex.o(i.HAL_NVIC_SetPriority) for HAL_NVIC_SetPriority
    main.o(i.m_0_scan_files) refers to _scanf_int.o(.text) for _scanf_int
    main.o(i.m_0_scan_files) refers to main.o(i.Log) for Log
    main.o(i.m_0_scan_files) refers to ff.o(i.f_opendir) for f_opendir
    main.o(i.m_0_scan_files) refers to printf6.o(i.__0sprintf$6) for __2sprintf
    main.o(i.m_0_scan_files) refers to ff.o(i.f_readdir) for f_readdir
    main.o(i.m_0_scan_files) refers to strstr.o(.text) for strstr
    main.o(i.m_0_scan_files) refers to __0sscanf.o(.text) for __0sscanf
    main.o(i.m_0_scan_files) refers to ff.o(i.f_closedir) for f_closedir
    main.o(i.m_0_scan_files) refers to main.o(.bss) for .bss
    main.o(i.main) refers to stm32f1xx_hal.o(i.HAL_Init) for HAL_Init
    main.o(i.main) refers to main.o(i.SystemClock_Config) for SystemClock_Config
    main.o(i.main) refers to main.o(i.MX_GPIO_Init) for MX_GPIO_Init
    main.o(i.main) refers to stm32f1xx_hal_cortex.o(i.HAL_NVIC_SetPriority) for HAL_NVIC_SetPriority
    main.o(i.main) refers to stm32f1xx_hal_cortex.o(i.HAL_NVIC_EnableIRQ) for HAL_NVIC_EnableIRQ
    main.o(i.main) refers to fatfs.o(i.MX_FATFS_Init) for MX_FATFS_Init
    main.o(i.main) refers to stm32f1xx_hal_uart.o(i.HAL_UART_Init) for HAL_UART_Init
[...]
    i.HAL_SD_Get_CardInfo                    0x080025ac   Section        0  stm32f1xx_hal_sd.o(i.HAL_SD_Get_CardInfo)
    i.HAL_SD_Init                            0x08002864   Section        0  stm32f1xx_hal_sd.o(i.HAL_SD_Init)
    i.HAL_SD_MspInit                         0x08002920   Section        0  stm32f1xx_hal_msp.o(i.HAL_SD_MspInit)
    i.HAL_SD_ReadBlocks                      0x08002978   Section        0  stm32f1xx_hal_sd.o(i.HAL_SD_ReadBlocks)
    i.HAL_SD_StopTransfer                    0x08002b06   Section        0  stm32f1xx_hal_sd.o(i.HAL_SD_StopTransfer)
    i.HAL_SD_WideBusOperation_Config         0x08002b3a   Section        0  stm32f1xx_hal_sd.o(i.HAL_SD_WideBusOperation_Config)
    i.HAL_SD_WriteBlocks                     0x08002bba   Section        0  stm32f1xx_hal_sd.o(i.HAL_SD_WriteBlocks)
    i.HAL_SYSTICK_CLKSourceConfig            0x08002d9e   Section        0  stm32f1xx_hal_cortex.o(i.HAL_SYSTICK_CLKSourceConfig)
    i.HAL_SYSTICK_Callback                   0x08002db6   Section        0  stm32f1xx_hal_cortex.o(i.HAL_SYSTICK_Callback)
    i.HAL_SYSTICK_Config                     0x08002db8   Section        0  stm32f1xx_hal_cortex.o(i.HAL_SYSTICK_Config)
    i.HAL_SYSTICK_IRQHandler                 0x08002de0   Section        0  stm32f1xx_hal_cortex.o(i.HAL_SYSTICK_IRQHandler)
    i.HAL_TIMEx_BreakCallback                0x08002de8   Section        0  stm32f1xx_hal_tim_ex.o(i.HAL_TIMEx_BreakCallback)
    i.HAL_TIMEx_CommutationCallback          0x08002dea   Section        0  stm32f1xx_hal_tim_ex.o(i.HAL_TIMEx_CommutationCallback)
    i.HAL_TIMEx_MasterConfigSynchronization  0x08002dec   Section        0  stm32f1xx_hal_tim_ex.o(i.HAL_TIMEx_MasterConfigSynchronization)
    i.HAL_TIM_Base_Init                      0x08002e3c   Section        0  stm32f1xx_hal_tim.o(i.HAL_TIM_Base_Init)
    i.HAL_TIM_Base_MspInit                   0x08002e74   Section        0  stm32f1xx_hal_msp.o(i.HAL_TIM_Base_MspInit)
    i.HAL_TIM_Base_Start                     0x08002ec8   Section        0  stm32f1xx_hal_tim.o(i.HAL_TIM_Base_Start)
    i.HAL_TIM_Base_Start_IT                  0x08002ee2   Section        0  stm32f1xx_hal_tim.o(i.HAL_TIM_Base_Start_IT)
    i.HAL_TIM_Base_Stop                      0x08002efa   Section        0  stm32f1xx_hal_tim.o(i.HAL_TIM_Base_Stop)
    i.HAL_TIM_IC_CaptureCallback             0x08002f26   Section        0  stm32f1xx_hal_tim.o(i.HAL_TIM_IC_CaptureCallback)
    i.HAL_TIM_IRQHandler                     0x08002f28   Section        0  stm32f1xx_hal_tim.o(i.HAL_TIM_IRQHandler)
    i.HAL_TIM_OC_DelayElapsedCallback        0x0800308e   Section        0  stm32f1xx_hal_tim.o(i.HAL_TIM_OC_DelayElapsedCallback)
    i.HAL_TIM_PWM_PulseFinishedCallback      0x08003090   Section        0  stm32f1xx_hal_tim.o(i.HAL_TIM_PWM_PulseFinishedCallback)
    i.HAL_TIM_PeriodElapsedCallback          0x08003092   Section        0  stm32f1xx_hal_tim.o(i.HAL_TIM_PeriodElapsedCallback)
    i.HAL_TIM_TriggerCallback                0x08003094   Section        0  stm32f1xx_hal_tim.o(i.HAL_TIM_TriggerCallback)
    i.HAL_UART_Init                          0x08003096   Section        0  stm32f1xx_hal_uart.o(i.HAL_UART_Init)
    i.HAL_UART_MspInit                       0x080030f4   Section        0  stm32f1xx_hal_msp.o(i.HAL_UART_MspInit)
    i.HAL_UART_Transmit                      0x0800314c   Section        0  stm32f1xx_hal_uart.o(i.HAL_UART_Transmit)
    i.HardFault_Handler                      0x08003214   Section        0  stm32f1xx_it.o(i.HardFault_Handler)
    i.Log                                    0x08003218   Section        0  main.o(i.Log)
    i.MX_ADC1_Init                           0x08003248   Section        0  main.o(i.MX_ADC1_Init)
    MX_ADC1_Init                             0x08003249   Thumb Code    78  main.o(i.MX_ADC1_Init)
    i.MX_DAC_Init                            0x080032a0   Section        0  main.o(i.MX_DAC_Init)
    MX_DAC_Init                              0x080032a1   Thumb Code    74  main.o(i.MX_DAC_Init)
    i.MX_FATFS_Init                          0x080032f4   Section        0  fatfs.o(i.MX_FATFS_Init)
    i.MX_GPIO_Init                           0x08003310   Section        0  main.o(i.MX_GPIO_Init)
    MX_GPIO_Init                             0x08003311   Thumb Code   252  main.o(i.MX_GPIO_Init)
    i.MemManage_Handler                      0x08003420   Section        0  stm32f1xx_it.o(i.MemManage_Handler)
    i.NMI_Handler                            0x08003422   Section        0  stm32f1xx_it.o(i.NMI_Handler)
    i.NVIC_SetPriority                       0x08003424   Section        0  stm32f1xx_hal_cortex.o(i.NVIC_SetPriority)
    NVIC_SetPriority                         0x08003425   Thumb Code    32  stm32f1xx_hal_cortex.o(i.NVIC_SetPriority)
    i.PendSV_Handler                         0x08003444   Section        0  stm32f1xx_it.o(i.PendSV_Handler)
    i.SDIO_DataConfig                        0x08003446   Section        0  stm32f1xx_ll_sdmmc.o(i.SDIO_DataConfig)
    i.SDIO_GetCommandResponse                0x0800346a   Section        0  stm32f1xx_ll_sdmmc.o(i.SDIO_GetCommandResponse)
    i.SDIO_GetPowerState                     0x08003470   Section        0  stm32f1xx_ll_sdmmc.o(i.SDIO_GetPowerState)
    i.SDIO_GetResponse                       0x08003478   Section        0  stm32f1xx_ll_sdmmc.o(i.SDIO_GetResponse)
    i.SDIO_Init                              0x08003488   Section        0  stm32f1xx_ll_sdmmc.o(i.SDIO_Init)
    i.SDIO_PowerState_ON                     0x080034ac   Section        0  stm32f1xx_ll_sdmmc.o(i.SDIO_PowerState_ON)
    i.SDIO_ReadFIFO                          0x080034b4   Section        0  stm32f1xx_ll_sdmmc.o(i.SDIO_ReadFIFO)
    i.SDIO_SendCommand                       0x080034ba   Section        0  stm32f1xx_ll_sdmmc.o(i.SDIO_SendCommand)
    i.SDIO_WriteFIFO                         0x080034da   Section        0  stm32f1xx_ll_sdmmc.o(i.SDIO_WriteFIFO)
    i.SD_CmdResp1Error                       0x080034e4   Section        0  stm32f1xx_hal_sd.o(i.SD_CmdResp1Error)
    SD_CmdResp1Error                         0x080034e5   Thumb Code   232  stm32f1xx_hal_sd.o(i.SD_CmdResp1Error)
    i.SD_CmdResp2Error                       0x080035d0   Section        0  stm32f1xx_hal_sd.o(i.SD_CmdResp2Error)
    SD_CmdResp2Error                         0x080035d1   Thumb Code    46  stm32f1xx_hal_sd.o(i.SD_CmdResp2Error)
    i.SD_CmdResp6Error                       0x080035fe   Section        0  stm32f1xx_hal_sd.o(i.SD_CmdResp6Error)
    SD_CmdResp6Error                         0x080035ff   Thumb Code   116  stm32f1xx_hal_sd.o(i.SD_CmdResp6Error)
    i.SD_CmdResp7Error                       0x08003672   Section        0  stm32f1xx_hal_sd.o(i.SD_CmdResp7Error)
    SD_CmdResp7Error                         0x08003673   Thumb Code    70  stm32f1xx_hal_sd.o(i.SD_CmdResp7Error)
    i.SD_FindSCR                             0x080036b8   Section        0  stm32f1xx_hal_sd.o(i.SD_FindSCR)
    SD_FindSCR                               0x080036b9   Thumb Code   282  stm32f1xx_hal_sd.o(i.SD_FindSCR)
    i.SD_GetState                            0x080037d2   Section        0  stm32f1xx_hal_sd.o(i.SD_GetState)
    SD_GetState                              0x080037d3   Thumb Code    84  stm32f1xx_hal_sd.o(i.SD_GetState)
    i.SD_Initialize_Cards                    0x08003826   Section        0  stm32f1xx_hal_sd.o(i.SD_Initialize_Cards)
    SD_Initialize_Cards                      0x08003827   Thumb Code   250  stm32f1xx_hal_sd.o(i.SD_Initialize_Cards)
    i.SD_IsCardProgramming                   0x08003920   Section        0  stm32f1xx_hal_sd.o(i.SD_IsCardProgramming)
    SD_IsCardProgramming                     0x08003921   Thumb Code   320  stm32f1xx_hal_sd.o(i.SD_IsCardProgramming)
    i.SD_PowerON                             0x08003a64   Section        0  stm32f1xx_hal_sd.o(i.SD_PowerON)
    SD_PowerON                               0x08003a65   Thumb Code   398  stm32f1xx_hal_sd.o(i.SD_PowerON)
    i.SD_WideBus_Disable                     0x08003bf8   Section        0  stm32f1xx_hal_sd.o(i.SD_WideBus_Disable)
    SD_WideBus_Disable                       0x08003bf9   Thumb Code   124  stm32f1xx_hal_sd.o(i.SD_WideBus_Disable)
    i.SD_WideBus_Enable                      0x08003c74   Section        0  stm32f1xx_hal_sd.o(i.SD_WideBus_Enable)
    SD_WideBus_Enable                        0x08003c75   Thumb Code   126  stm32f1xx_hal_sd.o(i.SD_WideBus_Enable)
    i.SD_initialize                          0x08003cf4   Section        0  sd_diskio.o(i.SD_initialize)
    i.SD_ioctl                               0x08003d14   Section        0  sd_diskio.o(i.SD_ioctl)
    i.SD_read                                0x08003d64   Section        0  sd_diskio.o(i.SD_read)
    i.SD_status                              0x08003d84   Section        0  sd_diskio.o(i.SD_status)
    i.SD_write                               0x08003da4   Section        0  sd_diskio.o(i.SD_write)
    i.SVC_Handler                            0x08003dc2   Section        0  stm32f1xx_it.o(i.SVC_Handler)
    i.SysTick_Handler                        0x08003dc4   Section        0  stm32f1xx_it.o(i.SysTick_Handler)
    i.SystemClock_Config                     0x08003dd2   Section        0  main.o(i.SystemClock_Config)
    i.SystemInit                             0x08003e4c   Section        0  system_stm32f1xx.o(i.SystemInit)
    i.TIM7_IRQHandler                        0x08003e94   Section        0  stm32f1xx_it.o(i.TIM7_IRQHandler)
    i.TIM_Base_SetConfig                     0x08003eac   Section        0  stm32f1xx_hal_tim.o(i.TIM_Base_SetConfig)
    i.UART_SetConfig                         0x08003f30   Section        0  stm32f1xx_hal_uart.o(i.UART_SetConfig)
    UART_SetConfig                           0x08003f31   Thumb Code   364  stm32f1xx_hal_uart.o(i.UART_SetConfig)
    i.UART_WaitOnFlagUntilTimeout            0x080040a0   Section        0  stm32f1xx_hal_uart.o(i.UART_WaitOnFlagUntilTimeout)
    UART_WaitOnFlagUntilTimeout              0x080040a1   Thumb Code   146  stm32f1xx_hal_uart.o(i.UART_WaitOnFlagUntilTimeout)
    i.UsageFault_Handler                     0x08004132   Section        0  stm32f1xx_it.o(i.UsageFault_Handler)
    i._Error_Handler                         0x08004134   Section        0  main.o(i._Error_Handler)
    i.__0sprintf$6                           0x08004138   Section        0  printf6.o(i.__0sprintf$6)
    i.__scatterload_copy                     0x08004160   Section       14  handlers.o(i.__scatterload_copy)
    i.__scatterload_null                     0x0800416e   Section        2  handlers.o(i.__scatterload_null)
    i.__scatterload_zeroinit                 0x08004170   Section       14  handlers.o(i.__scatterload_zeroinit)
    i._printf_core                           0x08004180   Section        0  printf6.o(i._printf_core)
    _printf_core                             0x08004181   Thumb Code   748  printf6.o(i._printf_core)
    i._printf_post_padding                   0x08004470   Section        0  printf6.o(i._printf_post_padding)
    _printf_post_padding                     0x08004471   Thumb Code    36  printf6.o(i._printf_post_padding)
    i._printf_pre_padding                    0x08004494   Section        0  printf6.o(i._printf_pre_padding)
    _printf_pre_padding                      0x08004495   Thumb Code    46  printf6.o(i._printf_pre_padding)
    i._sputc                                 0x080044c2   Section        0  printf6.o(i._sputc)
    _sputc                                   0x080044c3   Thumb Code    10  printf6.o(i._sputc)
    i.check_fs                               0x080044cc   Section        0  ff.o(i.check_fs)
    check_fs                                 0x080044cd   Thumb Code    90  ff.o(i.check_fs)
    i.chk_lock                               0x0800452c   Section        0  ff.o(i.chk_lock)
    chk_lock                                 0x0800452d   Thumb Code   100  ff.o(i.chk_lock)
    i.clear_lock                             0x08004594   Section        0  ff.o(i.clear_lock)
    clear_lock                               0x08004595   Thumb Code    32  ff.o(i.clear_lock)
    i.clmt_clust                             0x080045b8   Section        0  ff.o(i.clmt_clust)
    clmt_clust                               0x080045b9   Thumb Code    46  ff.o(i.clmt_clust)
    i.clust2sect                             0x080045e6   Section        0  ff.o(i.clust2sect)
    i.create_chain                           0x08004602   Section        0  ff.o(i.create_chain)
    create_chain                             0x08004603   Thumb Code   164  ff.o(i.create_chain)
    i.create_name                            0x080046a8   Section        0  ff.o(i.create_name)
    create_name                              0x080046a9   Thumb Code   238  ff.o(i.create_name)
    i.dec_lock                               0x080047ac   Section        0  ff.o(i.dec_lock)
    dec_lock                                 0x080047ad   Thumb Code    54  ff.o(i.dec_lock)
    i.dir_next                               0x080047e8   Section        0  ff.o(i.dir_next)
    dir_next                                 0x080047e9   Thumb Code   284  ff.o(i.dir_next)
    i.dir_read                               0x08004904   Section        0  ff.o(i.dir_read)
    dir_read                                 0x08004905   Thumb Code    96  ff.o(i.dir_read)
    i.dir_register                           0x08004964   Section        0  ff.o(i.dir_register)
    dir_register                             0x08004965   Thumb Code   128  ff.o(i.dir_register)
    i.dir_sdi                                0x080049e4   Section        0  ff.o(i.dir_sdi)
    dir_sdi                                  0x080049e5   Thumb Code   154  ff.o(i.dir_sdi)
    i.disk_initialize                        0x08004a80   Section        0  diskio.o(i.disk_initialize)
    i.disk_ioctl                             0x08004aa8   Section        0  diskio.o(i.disk_ioctl)
    i.disk_read                              0x08004ac4   Section        0  diskio.o(i.disk_read)
    i.disk_status                            0x08004ae0   Section        0  diskio.o(i.disk_status)
    i.disk_write                             0x08004af8   Section        0  diskio.o(i.disk_write)
    i.f_close                                0x08004b14   Section        0  ff.o(i.f_close)
    i.f_closedir                             0x08004b3e   Section        0  ff.o(i.f_closedir)
    i.f_lseek                                0x08004b62   Section        0  ff.o(i.f_lseek)
    i.f_mount                                0x08004dac   Section        0  ff.o(i.f_mount)
    i.f_open                                 0x08004e0c   Section        0  ff.o(i.f_open)
    i.f_opendir                              0x08004fe4   Section        0  ff.o(i.f_opendir)
    i.f_read                                 0x08005070   Section        0  ff.o(i.f_read)
    i.f_readdir                              0x080051e8   Section        0  ff.o(i.f_readdir)
    i.f_sync                                 0x0800523a   Section        0  ff.o(i.f_sync)
    i.find_volume                            0x080052dc   Section        0  ff.o(i.find_volume)
    find_volume                              0x080052dd   Thumb Code   604  ff.o(i.find_volume)
    i.fl_01_flash_unlock                     0x08005544   Section        0  main.o(i.fl_01_flash_unlock)
    i.fl_02_erase_page_by_address            0x0800555c   Section        0  main.o(i.fl_02_erase_page_by_address)
    i.fl_03_write_data                       0x080055a4   Section        0  main.o(i.fl_03_write_data)
    i.fl_04_flash_lock                       0x080055c8   Section        0  main.o(i.fl_04_flash_lock)
    i.follow_path                            0x080055e0   Section        0  ff.o(i.follow_path)
    follow_path                              0x080055e1   Thumb Code   184  ff.o(i.follow_path)
    i.get_fat                                0x08005698   Section        0  ff.o(i.get_fat)
    i.get_fattime                            0x0800577e   Section        0  fatfs.o(i.get_fattime)
    i.get_fileinfo                           0x08005782   Section        0  ff.o(i.get_fileinfo)
    get_fileinfo                             0x08005783   Thumb Code    80  ff.o(i.get_fileinfo)
    i.get_ldnumber                           0x080057d2   Section        0  ff.o(i.get_ldnumber)
    get_ldnumber                             0x080057d3   Thumb Code    60  ff.o(i.get_ldnumber)
    i.inc_lock                               0x08005810   Section        0  ff.o(i.inc_lock)
    inc_lock                                 0x08005811   Thumb Code   144  ff.o(i.inc_lock)
    i.ld_clust                               0x080058a4   Section        0  ff.o(i.ld_clust)
    ld_clust                                 0x080058a5   Thumb Code    22  ff.o(i.ld_clust)
    i.m_0_scan_files                         0x080058bc   Section        0  main.o(i.m_0_scan_files)
    i.main                                   0x08005a44   Section        0  main.o(i.main)
    i.mem_cpy                                0x08005c6c   Section        0  ff.o(i.mem_cpy)
    mem_cpy                                  0x08005c6d   Thumb Code    16  ff.o(i.mem_cpy)
    i.mem_set                                0x08005c7c   Section        0  ff.o(i.mem_set)
    mem_set                                  0x08005c7d   Thumb Code    14  ff.o(i.mem_set)
    i.move_window                            0x08005c8a   Section        0  ff.o(i.move_window)
    move_window                              0x08005c8b   Thumb Code    56  ff.o(i.move_window)
    i.mx_00_machine_init                     0x08005cc4   Section        0  main.o(i.mx_00_machine_init)
    i.mx_01_read_settings_from_eeprom        0x08005d60   Section        0  main.o(i.mx_01_read_settings_from_eeprom)
    i.mx_02_check_buttons_and_update_settings 0x08005de8   Section        0  main.o(i.mx_02_check_buttons_and_update_settings)
    i.mx_03_write_settings_to_eeprom         0x08005fcc   Section        0  main.o(i.mx_03_write_settings_to_eeprom)
    i.mx_04_light_leds_by_settings           0x08006090   Section        0  main.o(i.mx_04_light_leds_by_settings)
    i.mx_05_check_light                      0x0800625c   Section        0  main.o(i.mx_05_check_light)
    i.mx_06_light_leds_off                   0x08006284   Section        0  main.o(i.mx_06_light_leds_off)
    i.mx_07_select_track                     0x08006364   Section        0  main.o(i.mx_07_select_track)
    i.mx____machine_step                     0x08006410   Section        0  main.o(i.mx____machine_step)
    i.pl_00_play_wav                         0x08006590   Section        0  main.o(i.pl_00_play_wav)
    i.pl_01_play_stop                        0x080066f8   Section        0  main.o(i.pl_01_play_stop)
    i.pl_02_next_buf                         0x0800673c   Section        0  main.o(i.pl_02_next_buf)
    i.pl_04_prepare_buffer                   0x080067a8   Section        0  main.o(i.pl_04_prepare_buffer)
    i.pl_05_amp_on                           0x080067e0   Section        0  main.o(i.pl_05_amp_on)
    i.pl_06_amp_off                          0x08006810   Section        0  main.o(i.pl_06_amp_off)
    i.put_fat                                0x08006820   Section        0  ff.o(i.put_fat)
    i.remove_chain                           0x0800693e   Section        0  ff.o(i.remove_chain)
    remove_chain                             0x0800693f   Thumb Code   102  ff.o(i.remove_chain)
    i.sort_inc_group                         0x080069a4   Section        0  main.o(i.sort_inc_group)
    i.st_clust                               0x080069d8   Section        0  ff.o(i.st_clust)
    st_clust                                 0x080069d9   Thumb Code    16  ff.o(i.st_clust)
    i.sync_fs                                0x080069e8   Section        0  ff.o(i.sync_fs)
    sync_fs                                  0x080069e9   Thumb Code   168  ff.o(i.sync_fs)
    i.sync_window                            0x08006a90   Section        0  ff.o(i.sync_window)
    sync_window                              0x08006a91   Thumb Code    82  ff.o(i.sync_window)
    i.toggle_group                           0x08006ae4   Section        0  main.o(i.toggle_group)
    i.validate                               0x08006b44   Section        0  ff.o(i.validate)
    validate                                 0x08006b45   Thumb Code    42  ff.o(i.validate)
    i.validate_button_pressed                0x08006b70   Section        0  main.o(i.validate_button_pressed)
    i.xx_00_random_between                   0x08006b94   Section        0  main.o(i.xx_00_random_between)
    i.xx_01_poll_adc                         0x08006c30   Section        0  main.o(i.xx_01_poll_adc)
    .constdata                               0x08006c50   Section       16  system_stm32f1xx.o(.constdata)
    .constdata                               0x08006c60   Section        8  system_stm32f1xx.o(.constdata)
    .constdata                               0x08006c68   Section       20  sd_diskio.o(.constdata)
    .constdata                               0x08006c7c   Section      172  ff.o(.constdata)
    ExCvt                                    0x08006c7c   Data         128  ff.o(.constdata)
    vst                                      0x08006cfc   Data          22  ff.o(.constdata)
    cst                                      0x08006d12   Data          22  ff.o(.constdata)
    .constdata                               0x08006d28   Section       64  ctype_c.o(.constdata)
    .data                                    0x20000000   Section       48  main.o(.data)
    state                                    0x20000004   Data           1  main.o(.data)
    is_power_on_lstate                       0x20000005   Data           1  main.o(.data)
    is_need_go_start                         0x20000006   Data           1  main.o(.data)
    last_state                               0x20000007   Data           1  main.o(.data)
    next_track                               0x20000008   Data           2  main.o(.data)
    timer                                    0x20000010   Data           4  main.o(.data)
    polltic                                  0x20000014   Data           4  main.o(.data)
    .data                                    0x20000030   Section        5  fatfs.o(.data)
    .data                                    0x20000038   Section        4  stm32f1xx_hal.o(.data)
    uwTick                                   0x20000038   Data           4  stm32f1xx_hal.o(.data)
    .data                                    0x2000003c   Section        4  system_stm32f1xx.o(.data)
    .data                                    0x20000040   Section        1  sd_diskio.o(.data)
    Stat                                     0x20000040   Data           1  sd_diskio.o(.data)
    .data                                    0x20000044   Section        8  ff.o(.data)
    Fsid                                     0x20000044   Data           2  ff.o(.data)
    FatFs                                    0x20000048   Data           4  ff.o(.data)
    .bss                                     0x2000004c   Section    14922  main.o(.bss)
    fno                                      0x20000064   Data          24  main.o(.bss)
    buff                                     0x20002234   Data        4096  main.o(.bss)
    .bss                                     0x20003a98   Section       56  main.o(.bss)
    .bss                                     0x20003ad0   Section       56  main.o(.bss)
    .bss                                     0x20003b08   Section       88  main.o(.bss)
    .bss                                     0x20003b60   Section       12  ff_gen_drv.o(.bss)
    .bss                                     0x20003b6c   Section       24  ff.o(.bss)
    Files                                    0x20003b6c   Data          24  ff.o(.bss)
    STACK                                    0x20003b88   Section     1024  startup_stm32f103xe.o(STACK)

    Global Symbols

    Symbol Name                              Value     Ov Type        Size  Object(Section)

    BuildAttributes$$THM_ISAv4$P$D$K$B$S$PE$A:L22UL41UL21$X:L11$S22US41US21$IEEE1$IW$USESV6$~STKCKD$USESV7$~SHL$OSPACE$ROPI$EBA8$MICROLIB$REQ8$PRES8$EABIv2 0x00000000   Number         0  anon$$obj.o ABSOLUTE
    __ARM_use_no_argv                        0x00000000   Number         0  main.o ABSOLUTE
    _printf_a                                0x00000000   Number         0  stubs.o ABSOLUTE
    _printf_c                                0x00000000   Number         0  stubs.o ABSOLUTE
    _printf_charcount                        0x00000000   Number         0  stubs.o ABSOLUTE
    _printf_d                                0x00000000   Number         0  stubs.o ABSOLUTE
    _printf_e                                0x00000000   Number         0  stubs.o ABSOLUTE
    _printf_f                                0x00000000   Number         0  stubs.o ABSOLUTE
    _printf_flags                            0x00000000   Number         0  stubs.o ABSOLUTE
    _printf_fp_dec                           0x00000000   Number         0  stubs.o ABSOLUTE
    _printf_fp_hex                           0x00000000   Number         0  stubs.o ABSOLUTE
    _printf_g                                0x00000000   Number         0  stubs.o ABSOLUTE
    _printf_i                                0x00000000   Number         0  stubs.o ABSOLUTE
    _printf_int_dec                          0x00000000   Number         0  stubs.o ABSOLUTE
    _printf_l                                0x00000000   Number         0  stubs.o ABSOLUTE
    _printf_lc                               0x00000000   Number         0  stubs.o ABSOLUTE
    _printf_ll                               0x00000000   Number         0  stubs.o ABSOLUTE
    _printf_lld                              0x00000000   Number         0  stubs.o ABSOLUTE
    _printf_lli                              0x00000000   Number         0  stubs.o ABSOLUTE
    _printf_llo                              0x00000000   Number         0  stubs.o ABSOLUTE
    _printf_llu                              0x00000000   Number         0  stubs.o ABSOLUTE
    _printf_llx                              0x00000000   Number         0  stubs.o ABSOLUTE
    _printf_longlong_dec                     0x00000000   Number         0  stubs.o ABSOLUTE
    _printf_longlong_hex                     0x00000000   Number         0  stubs.o ABSOLUTE
    _printf_longlong_oct                     0x00000000   Number         0  stubs.o ABSOLUTE
    _printf_ls                               0x00000000   Number         0  stubs.o ABSOLUTE
    _printf_mbtowc                           0x00000000   Number         0  stubs.o ABSOLUTE
    _printf_n                                0x00000000   Number         0  stubs.o ABSOLUTE
    _printf_o                                0x00000000   Number         0  stubs.o ABSOLUTE
    _printf_p                                0x00000000   Number         0  stubs.o ABSOLUTE
    _printf_percent                          0x00000000   Number         0  stubs.o ABSOLUTE
    _printf_pre_padding                      0x00000000   Number         0  stubs.o ABSOLUTE
    _printf_return_value                     0x00000000   Number         0  stubs.o ABSOLUTE
    _printf_s                                0x00000000   Number         0  stubs.o ABSOLUTE
    _printf_sizespec                         0x00000000   Number         0  stubs.o ABSOLUTE
    _printf_str                              0x00000000   Number         0  stubs.o ABSOLUTE
    _printf_truncate_signed                  0x00000000   Number         0  stubs.o ABSOLUTE
    _printf_truncate_unsigned                0x00000000   Number         0  stubs.o ABSOLUTE
    _printf_u                                0x00000000   Number         0  stubs.o ABSOLUTE
    _printf_wc                               0x00000000   Number         0  stubs.o ABSOLUTE
    _printf_wctomb                           0x00000000   Number         0  stubs.o ABSOLUTE
    _printf_widthprec                        0x00000000   Number         0  stubs.o ABSOLUTE
    _printf_x                                0x00000000   Number         0  stubs.o ABSOLUTE
    __cpp_initialize__aeabi_                  - Undefined Weak Reference
    __cxa_finalize                            - Undefined Weak Reference
    __decompress                              - Undefined Weak Reference
    _clock_init                               - Undefined Weak Reference
    _microlib_exit                            - Undefined Weak Reference
    _scanf_longlong                           - Undefined Weak Reference
    _scanf_real                               - Undefined Weak Reference
    _scanf_string                             - Undefined Weak Reference
    __Vectors_Size                           0x00000130   Number         0  startup_stm32f103xe.o ABSOLUTE
    __Vectors                                0x08000000   Data           4  startup_stm32f103xe.o(RESET)
    __Vectors_End                            0x08000130   Data           0  startup_stm32f103xe.o(RESET)
    __main                                   0x08000131   Thumb Code     0  entry.o(.ARM.Collect$$$$00000000)
    _main_stk                                0x08000131   Thumb Code     0  entry2.o(.ARM.Collect$$$$00000001)
    _main_scatterload                        0x08000135   Thumb Code     0  entry5.o(.ARM.Collect$$$$00000004)
    __main_after_scatterload                 0x08000139   Thumb Code     0  entry5.o(.ARM.Collect$$$$00000004)
    _main_clock                              0x08000139   Thumb Code     0  entry7b.o(.ARM.Collect$$$$00000008)
    _main_cpp_init                           0x08000139   Thumb Code     0  entry8b.o(.ARM.Collect$$$$0000000A)
    _main_init                               0x08000139   Thumb Code     0  entry9a.o(.ARM.Collect$$$$0000000B)
    __rt_final_cpp                           0x08000141   Thumb Code     0  entry10a.o(.ARM.Collect$$$$0000000D)
    __rt_final_exit                          0x08000141   Thumb Code     0  entry11a.o(.ARM.Collect$$$$0000000F)
    Reset_Handler                            0x08000145   Thumb Code     8  startup_stm32f103xe.o(.text)
    ADC3_IRQHandler                          0x0800015f   Thumb Code     0  startup_stm32f103xe.o(.text)
    CAN1_RX1_IRQHandler                      0x0800015f   Thumb Code     0  startup_stm32f103xe.o(.text)
    CAN1_SCE_IRQHandler                      0x0800015f   Thumb Code     0  startup_stm32f103xe.o(.text)
    DMA1_Channel2_IRQHandler                 0x0800015f   Thumb Code     0  startup_stm32f103xe.o(.text)
    DMA1_Channel3_IRQHandler                 0x0800015f   Thumb Code     0  startup_stm32f103xe.o(.text)
    DMA1_Channel4_IRQHandler                 0x0800015f   Thumb Code     0  startup_stm32f103xe.o(.text)
    DMA1_Channel5_IRQHandler                 0x0800015f   Thumb Code     0  startup_stm32f103xe.o(.text)
    DMA1_Channel6_IRQHandler                 0x0800015f   Thumb Code     0  startup_stm32f103xe.o(.text)
    DMA1_Channel7_IRQHandler                 0x0800015f   Thumb Code     0  startup_stm32f103xe.o(.text)
    DMA2_Channel1_IRQHandler                 0x0800015f   Thumb Code     0  startup_stm32f103xe.o(.text)
    DMA2_Channel2_IRQHandler                 0x0800015f   Thumb Code     0  startup_stm32f103xe.o(.text)
    DMA2_Channel3_IRQHandler                 0x0800015f   Thumb Code     0  startup_stm32f103xe.o(.text)
    EXTI0_IRQHandler                         0x0800015f   Thumb Code     0  startup_stm32f103xe.o(.text)
    EXTI15_10_IRQHandler                     0x0800015f   Thumb Code     0  startup_stm32f103xe.o(.text)
    EXTI1_IRQHandler                         0x0800015f   Thumb Code     0  startup_stm32f103xe.o(.text)
    EXTI2_IRQHandler                         0x0800015f   Thumb Code     0  startup_stm32f103xe.o(.text)
    EXTI3_IRQHandler                         0x0800015f   Thumb Code     0  startup_stm32f103xe.o(.text)
    EXTI4_IRQHandler                         0x0800015f   Thumb Code     0  startup_stm32f103xe.o(.text)
    EXTI9_5_IRQHandler                       0x0800015f   Thumb Code     0  startup_stm32f103xe.o(.text)
    FLASH_IRQHandler                         0x0800015f   Thumb Code     0  startup_stm32f103xe.o(.text)
    FSMC_IRQHandler                          0x0800015f   Thumb Code     0  startup_stm32f103xe.o(.text)
    I2C1_ER_IRQHandler                       0x0800015f   Thumb Code     0  startup_stm32f103xe.o(.text)
    I2C1_EV_IRQHandler                       0x0800015f   Thumb Code     0  startup_stm32f103xe.o(.text)
    I2C2_ER_IRQHandler                       0x0800015f   Thumb Code     0  startup_stm32f103xe.o(.text)
    I2C2_EV_IRQHandler                       0x0800015f   Thumb Code     0  startup_stm32f103xe.o(.text)
    PVD_IRQHandler                           0x0800015f   Thumb Code     0  startup_stm32f103xe.o(.text)
    RCC_IRQHandler                           0x0800015f   Thumb Code     0  startup_stm32f103xe.o(.text)
    RTC_Alarm_IRQHandler                     0x0800015f   Thumb Code     0  startup_stm32f103xe.o(.text)
    RTC_IRQHandler                           0x0800015f   Thumb Code     0  startup_stm32f103xe.o(.text)
    SDIO_IRQHandler                          0x0800015f   Thumb Code     0  startup_stm32f103xe.o(.text)
    SPI1_IRQHandler                          0x0800015f   Thumb Code     0  startup_stm32f103xe.o(.text)
    SPI2_IRQHandler                          0x0800015f   Thumb Code     0  startup_stm32f103xe.o(.text)
    SPI3_IRQHandler                          0x0800015f   Thumb Code     0  startup_stm32f103xe.o(.text)
    TAMPER_IRQHandler                        0x0800015f   Thumb Code     0  startup_stm32f103xe.o(.text)
    TIM1_BRK_IRQHandler                      0x0800015f   Thumb Code     0  startup_stm32f103xe.o(.text)
    TIM1_CC_IRQHandler                       0x0800015f   Thumb Code     0  startup_stm32f103xe.o(.text)
    TIM1_TRG_COM_IRQHandler                  0x0800015f   Thumb Code     0  startup_stm32f103xe.o(.text)
    TIM1_UP_IRQHandler                       0x0800015f   Thumb Code     0  startup_stm32f103xe.o(.text)
    TIM2_IRQHandler                          0x0800015f   Thumb Code     0  startup_stm32f103xe.o(.text)
    TIM3_IRQHandler                          0x0800015f   Thumb Code     0  startup_stm32f103xe.o(.text)
    TIM4_IRQHandler                          0x0800015f   Thumb Code     0  startup_stm32f103xe.o(.text)
    TIM5_IRQHandler                          0x0800015f   Thumb Code     0  startup_stm32f103xe.o(.text)
    TIM6_IRQHandler                          0x0800015f   Thumb Code     0  startup_stm32f103xe.o(.text)
    TIM8_BRK_IRQHandler                      0x0800015f   Thumb Code     0  startup_stm32f103xe.o(.text)
    TIM8_CC_IRQHandler                       0x0800015f   Thumb Code     0  startup_stm32f103xe.o(.text)
    TIM8_TRG_COM_IRQHandler                  0x0800015f   Thumb Code     0  startup_stm32f103xe.o(.text)
    TIM8_UP_IRQHandler                       0x0800015f   Thumb Code     0  startup_stm32f103xe.o(.text)
    UART4_IRQHandler                         0x0800015f   Thumb Code     0  startup_stm32f103xe.o(.text)
    UART5_IRQHandler                         0x0800015f   Thumb Code     0  startup_stm32f103xe.o(.text)
    USART1_IRQHandler                        0x0800015f   Thumb Code     0  startup_stm32f103xe.o(.text)
    USART2_IRQHandler                        0x0800015f   Thumb Code     0  startup_stm32f103xe.o(.text)
    USART3_IRQHandler                        0x0800015f   Thumb Code     0  startup_stm32f103xe.o(.text)
    USBWakeUp_IRQHandler                     0x0800015f   Thumb Code     0  startup_stm32f103xe.o(.text)
    USB_HP_CAN1_TX_IRQHandler                0x0800015f   Thumb Code     0  startup_stm32f103xe.o(.text)
    USB_LP_CAN1_RX0_IRQHandler               0x0800015f   Thumb Code     0  startup_stm32f103xe.o(.text)
    WWDG_IRQHandler                          0x0800015f   Thumb Code     0  startup_stm32f103xe.o(.text)
    __aeabi_memset                           0x08000169   Thumb Code    14  memseta.o(.text)
    __aeabi_memset4                          0x08000169   Thumb Code     0  memseta.o(.text)
    __aeabi_memset8                          0x08000169   Thumb Code     0  memseta.o(.text)
    __aeabi_memclr                           0x08000177   Thumb Code     4  memseta.o(.text)
    __aeabi_memclr4                          0x08000177   Thumb Code     0  memseta.o(.text)
    __aeabi_memclr8                          0x08000177   Thumb Code     0  memseta.o(.text)
    _memset$wrapper                          0x0800017b   Thumb Code    18  memseta.o(.text)
    strstr                                   0x0800018d   Thumb Code    36  strstr.o(.text)
    strlen                                   0x080001b1   Thumb Code    14  strlen.o(.text)
    strcpy                                   0x080001bf   Thumb Code    18  strcpy.o(.text)
    __0sscanf                                0x080001d1   Thumb Code    48  __0sscanf.o(.text)
    _scanf_int                               0x08000209   Thumb Code   332  _scanf_int.o(.text)
    __aeabi_uidiv                            0x08000355   Thumb Code     0  uidiv.o(.text)
    __aeabi_uidivmod                         0x08000355   Thumb Code    44  uidiv.o(.text)
    _chval                                   0x08000381   Thumb Code    28  _chval.o(.text)
    __vfscanf_char                           0x080003a9   Thumb Code    20  scanf_char.o(.text)
    _sgetc                                   0x080003c5   Thumb Code    30  _sgetc.o(.text)
    _sbackspace                              0x080003e3   Thumb Code    34  _sgetc.o(.text)
    __scatterload                            0x08000405   Thumb Code    28  init.o(.text)
    __scatterload_rt2                        0x08000405   Thumb Code     0  init.o(.text)
    isspace                                  0x08000429   Thumb Code    10  isspace_c.o(.text)
    __vfscanf                                0x08000435   Thumb Code   808  _scanf.o(.text)
    __ctype_lookup                           0x08000761   Thumb Code    34  ctype_c.o(.text)
    ADC1_2_IRQHandler                        0x08000789   Thumb Code     6  stm32f1xx_it.o(i.ADC1_2_IRQHandler)
    ADC_ConversionStop_Disable               0x08000795   Thumb Code    74  stm32f1xx_hal_adc.o(i.ADC_ConversionStop_Disable)
    ADC_DMAConvCplt                          0x080007df   Thumb Code    78  stm32f1xx_hal_adc.o(i.ADC_DMAConvCplt)
    ADC_DMAError                             0x0800082d   Thumb Code    26  stm32f1xx_hal_adc.o(i.ADC_DMAError)
    ADC_DMAHalfConvCplt                      0x08000847   Thumb Code    10  stm32f1xx_hal_adc.o(i.ADC_DMAHalfConvCplt)
    ADC_Enable                               0x08000851   Thumb Code   102  stm32f1xx_hal_adc.o(i.ADC_Enable)
    BSP_SD_GetCardInfo                       0x080008c1   Thumb Code     8  bsp_driver_sd.o(i.BSP_SD_GetCardInfo)
    BSP_SD_GetStatus                         0x080008cd   Thumb Code     6  bsp_driver_sd.o(i.BSP_SD_GetStatus)
    BSP_SD_Init                              0x080008d9   Thumb Code    50  bsp_driver_sd.o(i.BSP_SD_Init)
    BSP_SD_ReadBlocks                        0x08000915   Thumb Code    26  bsp_driver_sd.o(i.BSP_SD_ReadBlocks)
    BSP_SD_WriteBlocks                       0x08000935   Thumb Code    26  bsp_driver_sd.o(i.BSP_SD_WriteBlocks)
    BusFault_Handler                         0x08000955   Thumb Code     2  stm32f1xx_it.o(i.BusFault_Handler)
    DAC_DMAConvCpltCh1                       0x08000957   Thumb Code    16  stm32f1xx_hal_dac.o(i.DAC_DMAConvCpltCh1)
    DAC_DMAConvCpltCh2                       0x08000967   Thumb Code    16  stm32f1xx_hal_dac_ex.o(i.DAC_DMAConvCpltCh2)
    DAC_DMAErrorCh1                          0x08000977   Thumb Code    24  stm32f1xx_hal_dac.o(i.DAC_DMAErrorCh1)
    DAC_DMAErrorCh2                          0x0800098f   Thumb Code    24  stm32f1xx_hal_dac_ex.o(i.DAC_DMAErrorCh2)
    DAC_DMAHalfConvCpltCh1                   0x080009a7   Thumb Code    10  stm32f1xx_hal_dac.o(i.DAC_DMAHalfConvCpltCh1)
    DAC_DMAHalfConvCpltCh2                   0x080009b1   Thumb Code    10  stm32f1xx_hal_dac_ex.o(i.DAC_DMAHalfConvCpltCh2)
    DMA1_Channel1_IRQHandler                 0x080009bd   Thumb Code     6  stm32f1xx_it.o(i.DMA1_Channel1_IRQHandler)
    DMA2_Channel4_5_IRQHandler               0x080009c9   Thumb Code    16  stm32f1xx_it.o(i.DMA2_Channel4_5_IRQHandler)
    DebugMon_Handler                         0x080009fb   Thumb Code     2  stm32f1xx_it.o(i.DebugMon_Handler)
    FATFS_LinkDriver                         0x080009fd   Thumb Code     6  ff_gen_drv.o(i.FATFS_LinkDriver)
    FATFS_LinkDriverEx                       0x08000a05   Thumb Code    60  ff_gen_drv.o(i.FATFS_LinkDriverEx)
    HAL_ADCEx_InjectedConvCpltCallback       0x08000a45   Thumb Code     2  stm32f1xx_hal_adc_ex.o(i.HAL_ADCEx_InjectedConvCpltCallback)
    HAL_ADC_ConfigChannel                    0x08000a49   Thumb Code   346  stm32f1xx_hal_adc.o(i.HAL_ADC_ConfigChannel)
    HAL_ADC_ConvCpltCallback                 0x08000bb1   Thumb Code     2  main.o(i.HAL_ADC_ConvCpltCallback)
    HAL_ADC_ConvHalfCpltCallback             0x08000bb3   Thumb Code     2  stm32f1xx_hal_adc.o(i.HAL_ADC_ConvHalfCpltCallback)
    HAL_ADC_ErrorCallback                    0x08000bb5   Thumb Code     2  stm32f1xx_hal_adc.o(i.HAL_ADC_ErrorCallback)
    HAL_ADC_IRQHandler                       0x08000bb7   Thumb Code   230  stm32f1xx_hal_adc.o(i.HAL_ADC_IRQHandler)
    HAL_ADC_Init                             0x08000c9d   Thumb Code   306  stm32f1xx_hal_adc.o(i.HAL_ADC_Init)
    HAL_ADC_LevelOutOfWindowCallback         0x08000ddd   Thumb Code     2  stm32f1xx_hal_adc.o(i.HAL_ADC_LevelOutOfWindowCallback)
    HAL_ADC_MspInit                          0x08000de1   Thumb Code   116  stm32f1xx_hal_msp.o(i.HAL_ADC_MspInit)
    HAL_ADC_Start_DMA                        0x08000e85   Thumb Code   246  stm32f1xx_hal_adc.o(i.HAL_ADC_Start_DMA)
    HAL_ADC_Start_IT                         0x08000f91   Thumb Code   194  stm32f1xx_hal_adc.o(i.HAL_ADC_Start_IT)
    HAL_DACEx_ConvCpltCallbackCh2            0x0800105d   Thumb Code     2  stm32f1xx_hal_dac_ex.o(i.HAL_DACEx_ConvCpltCallbackCh2)
    HAL_DACEx_ConvHalfCpltCallbackCh2        0x0800105f   Thumb Code     2  stm32f1xx_hal_dac_ex.o(i.HAL_DACEx_ConvHalfCpltCallbackCh2)
    HAL_DACEx_ErrorCallbackCh2               0x08001061   Thumb Code     2  stm32f1xx_hal_dac_ex.o(i.HAL_DACEx_ErrorCallbackCh2)
    HAL_DACEx_NoiseWaveGenerate              0x08001063   Thumb Code    52  stm32f1xx_hal_dac_ex.o(i.HAL_DACEx_NoiseWaveGenerate)
    HAL_DAC_ConfigChannel                    0x08001097   Thumb Code    66  stm32f1xx_hal_dac.o(i.HAL_DAC_ConfigChannel)
    HAL_DAC_ConvCpltCallbackCh1              0x080010d9   Thumb Code     2  stm32f1xx_hal_dac.o(i.HAL_DAC_ConvCpltCallbackCh1)
    HAL_DAC_ConvHalfCpltCallbackCh1          0x080010db   Thumb Code     2  stm32f1xx_hal_dac.o(i.HAL_DAC_ConvHalfCpltCallbackCh1)
    HAL_DAC_ErrorCallbackCh1                 0x080010dd   Thumb Code     2  stm32f1xx_hal_dac.o(i.HAL_DAC_ErrorCallbackCh1)
    HAL_DAC_GetValue                         0x080010df   Thumb Code    12  stm32f1xx_hal_dac.o(i.HAL_DAC_GetValue)
    HAL_DAC_Init                             0x080010eb   Thumb Code    40  stm32f1xx_hal_dac.o(i.HAL_DAC_Init)
    HAL_DAC_MspInit                          0x08001115   Thumb Code   104  stm32f1xx_hal_msp.o(i.HAL_DAC_MspInit)
    HAL_DAC_SetValue                         0x080011ad   Thumb Code    26  stm32f1xx_hal_dac.o(i.HAL_DAC_SetValue)
    HAL_DAC_Start                            0x080011c7   Thumb Code    84  stm32f1xx_hal_dac.o(i.HAL_DAC_Start)
    HAL_DAC_Start_DMA                        0x0800121d   Thumb Code   210  stm32f1xx_hal_dac.o(i.HAL_DAC_Start_DMA)
    HAL_DAC_Stop                             0x08001309   Thumb Code    22  stm32f1xx_hal_dac.o(i.HAL_DAC_Stop)
    HAL_DAC_Stop_DMA                         0x0800131f   Thumb Code    56  stm32f1xx_hal_dac.o(i.HAL_DAC_Stop_DMA)
    HAL_DMA_Abort                            0x08001357   Thumb Code    84  stm32f1xx_hal_dma.o(i.HAL_DMA_Abort)
    HAL_DMA_IRQHandler                       0x080013ad   Thumb Code  1186  stm32f1xx_hal_dma.o(i.HAL_DMA_IRQHandler)
    HAL_DMA_Init                             0x08001859   Thumb Code    80  stm32f1xx_hal_dma.o(i.HAL_DMA_Init)
    HAL_DMA_Start_IT                         0x080018a9   Thumb Code    88  stm32f1xx_hal_dma.o(i.HAL_DMA_Start_IT)
    HAL_Delay                                0x08001901   Thumb Code    22  stm32f1xx_hal.o(i.HAL_Delay)
    HAL_GPIO_Init                            0x08001919   Thumb Code   450  stm32f1xx_hal_gpio.o(i.HAL_GPIO_Init)
    HAL_GPIO_ReadPin                         0x08001b05   Thumb Code    10  stm32f1xx_hal_gpio.o(i.HAL_GPIO_ReadPin)
    HAL_GPIO_WritePin                        0x08001b0f   Thumb Code    10  stm32f1xx_hal_gpio.o(i.HAL_GPIO_WritePin)
    HAL_GetTick                              0x08001b19   Thumb Code     6  stm32f1xx_hal.o(i.HAL_GetTick)
    HAL_IncTick                              0x08001b25   Thumb Code    10  stm32f1xx_hal.o(i.HAL_IncTick)
    HAL_Init                                 0x08001b35   Thumb Code    32  stm32f1xx_hal.o(i.HAL_Init)
    HAL_InitTick                             0x08001b59   Thumb Code    34  stm32f1xx_hal.o(i.HAL_InitTick)
    HAL_MspInit                              0x08001b7d   Thumb Code   118  stm32f1xx_hal_msp.o(i.HAL_MspInit)
    HAL_NVIC_EnableIRQ                       0x08001bfd   Thumb Code    22  stm32f1xx_hal_cortex.o(i.HAL_NVIC_EnableIRQ)
    HAL_NVIC_SetPriority                     0x08001c15   Thumb Code    60  stm32f1xx_hal_cortex.o(i.HAL_NVIC_SetPriority)
    HAL_NVIC_SetPriorityGrouping             0x08001c55   Thumb Code    26  stm32f1xx_hal_cortex.o(i.HAL_NVIC_SetPriorityGrouping)
    HAL_RCCEx_PeriphCLKConfig                0x08001c79   Thumb Code   286  stm32f1xx_hal_rcc_ex.o(i.HAL_RCCEx_PeriphCLKConfig)
    HAL_RCC_ClockConfig                      0x08001da5   Thumb Code   366  stm32f1xx_hal_rcc.o(i.HAL_RCC_ClockConfig)
    HAL_RCC_GetHCLKFreq                      0x08001f25   Thumb Code     6  stm32f1xx_hal_rcc.o(i.HAL_RCC_GetHCLKFreq)
    HAL_RCC_GetPCLK1Freq                     0x08001f31   Thumb Code    34  stm32f1xx_hal_rcc.o(i.HAL_RCC_GetPCLK1Freq)
    HAL_RCC_GetPCLK2Freq                     0x08001f61   Thumb Code    34  stm32f1xx_hal_rcc.o(i.HAL_RCC_GetPCLK2Freq)
    HAL_RCC_GetSysClockFreq                  0x08001f91   Thumb Code   102  stm32f1xx_hal_rcc.o(i.HAL_RCC_GetSysClockFreq)
    HAL_RCC_OscConfig                        0x08002019   Thumb Code  1402  stm32f1xx_hal_rcc.o(i.HAL_RCC_OscConfig)
    HAL_SD_GetStatus                         0x08002593   Thumb Code    26  stm32f1xx_hal_sd.o(i.HAL_SD_GetStatus)
    HAL_SD_Get_CardInfo                      0x080025ad   Thumb Code   696  stm32f1xx_hal_sd.o(i.HAL_SD_Get_CardInfo)
    HAL_SD_Init                              0x08002865   Thumb Code   188  stm32f1xx_hal_sd.o(i.HAL_SD_Init)
    HAL_SD_MspInit                           0x08002921   Thumb Code    72  stm32f1xx_hal_msp.o(i.HAL_SD_MspInit)
    HAL_SD_ReadBlocks                        0x08002979   Thumb Code   398  stm32f1xx_hal_sd.o(i.HAL_SD_ReadBlocks)
    HAL_SD_StopTransfer                      0x08002b07   Thumb Code    52  stm32f1xx_hal_sd.o(i.HAL_SD_StopTransfer)
    HAL_SD_WideBusOperation_Config           0x08002b3b   Thumb Code   128  stm32f1xx_hal_sd.o(i.HAL_SD_WideBusOperation_Config)
    HAL_SD_WriteBlocks                       0x08002bbb   Thumb Code   484  stm32f1xx_hal_sd.o(i.HAL_SD_WriteBlocks)
    HAL_SYSTICK_CLKSourceConfig              0x08002d9f   Thumb Code    24  stm32f1xx_hal_cortex.o(i.HAL_SYSTICK_CLKSourceConfig)
    HAL_SYSTICK_Callback                     0x08002db7   Thumb Code     2  stm32f1xx_hal_cortex.o(i.HAL_SYSTICK_Callback)
    HAL_SYSTICK_Config                       0x08002db9   Thumb Code    40  stm32f1xx_hal_cortex.o(i.HAL_SYSTICK_Config)
    HAL_SYSTICK_IRQHandler                   0x08002de1   Thumb Code     8  stm32f1xx_hal_cortex.o(i.HAL_SYSTICK_IRQHandler)
    HAL_TIMEx_BreakCallback                  0x08002de9   Thumb Code     2  stm32f1xx_hal_tim_ex.o(i.HAL_TIMEx_BreakCallback)
    HAL_TIMEx_CommutationCallback            0x08002deb   Thumb Code     2  stm32f1xx_hal_tim_ex.o(i.HAL_TIMEx_CommutationCallback)
    HAL_TIMEx_MasterConfigSynchronization    0x08002ded   Thumb Code    80  stm32f1xx_hal_tim_ex.o(i.HAL_TIMEx_MasterConfigSynchronization)
    HAL_TIM_Base_Init                        0x08002e3d   Thumb Code    54  stm32f1xx_hal_tim.o(i.HAL_TIM_Base_Init)
    HAL_TIM_Base_MspInit                     0x08002e75   Thumb Code    72  stm32f1xx_hal_msp.o(i.HAL_TIM_Base_MspInit)
    HAL_TIM_Base_Start                       0x08002ec9   Thumb Code    26  stm32f1xx_hal_tim.o(i.HAL_TIM_Base_Start)
    HAL_TIM_Base_Start_IT                    0x08002ee3   Thumb Code    24  stm32f1xx_hal_tim.o(i.HAL_TIM_Base_Start_IT)
    HAL_TIM_Base_Stop                        0x08002efb   Thumb Code    44  stm32f1xx_hal_tim.o(i.HAL_TIM_Base_Stop)
    HAL_TIM_IC_CaptureCallback               0x08002f27   Thumb Code     2  stm32f1xx_hal_tim.o(i.HAL_TIM_IC_CaptureCallback)
    HAL_TIM_IRQHandler                       0x08002f29   Thumb Code   358  stm32f1xx_hal_tim.o(i.HAL_TIM_IRQHandler)
    HAL_TIM_OC_DelayElapsedCallback          0x0800308f   Thumb Code     2  stm32f1xx_hal_tim.o(i.HAL_TIM_OC_DelayElapsedCallback)
    HAL_TIM_PWM_PulseFinishedCallback        0x08003091   Thumb Code     2  stm32f1xx_hal_tim.o(i.HAL_TIM_PWM_PulseFinishedCallback)
    HAL_TIM_PeriodElapsedCallback            0x08003093   Thumb Code     2  stm32f1xx_hal_tim.o(i.HAL_TIM_PeriodElapsedCallback)
    HAL_TIM_TriggerCallback                  0x08003095   Thumb Code     2  stm32f1xx_hal_tim.o(i.HAL_TIM_TriggerCallback)
    HAL_UART_Init                            0x08003097   Thumb Code    94  stm32f1xx_hal_uart.o(i.HAL_UART_Init)
    HAL_UART_MspInit                         0x080030f5   Thumb Code    76  stm32f1xx_hal_msp.o(i.HAL_UART_MspInit)
    HAL_UART_Transmit                        0x0800314d   Thumb Code   200  stm32f1xx_hal_uart.o(i.HAL_UART_Transmit)
    HardFault_Handler                        0x08003215   Thumb Code     2  stm32f1xx_it.o(i.HardFault_Handler)
    Log                                      0x08003219   Thumb Code    36  main.o(i.Log)
    MX_FATFS_Init                            0x080032f5   Thumb Code    18  fatfs.o(i.MX_FATFS_Init)
    MemManage_Handler                        0x08003421   Thumb Code     2  stm32f1xx_it.o(i.MemManage_Handler)
    NMI_Handler                              0x08003423   Thumb Code     2  stm32f1xx_it.o(i.NMI_Handler)
    PendSV_Handler                           0x08003445   Thumb Code     2  stm32f1xx_it.o(i.PendSV_Handler)
    SDIO_DataConfig                          0x08003447   Thumb Code    36  stm32f1xx_ll_sdmmc.o(i.SDIO_DataConfig)
    SDIO_GetCommandResponse                  0x0800346b   Thumb Code     6  stm32f1xx_ll_sdmmc.o(i.SDIO_GetCommandResponse)
    SDIO_GetPowerState                       0x08003471   Thumb Code     8  stm32f1xx_ll_sdmmc.o(i.SDIO_GetPowerState)
    SDIO_GetResponse                         0x08003479   Thumb Code    12  stm32f1xx_ll_sdmmc.o(i.SDIO_GetResponse)
    SDIO_Init                                0x08003489   Thumb Code    36  stm32f1xx_ll_sdmmc.o(i.SDIO_Init)
    SDIO_PowerState_ON                       0x080034ad   Thumb Code     8  stm32f1xx_ll_sdmmc.o(i.SDIO_PowerState_ON)
    SDIO_ReadFIFO                            0x080034b5   Thumb Code     6  stm32f1xx_ll_sdmmc.o(i.SDIO_ReadFIFO)
    SDIO_SendCommand                         0x080034bb   Thumb Code    32  stm32f1xx_ll_sdmmc.o(i.SDIO_SendCommand)
    SDIO_WriteFIFO                           0x080034db   Thumb Code    10  stm32f1xx_ll_sdmmc.o(i.SDIO_WriteFIFO)
    SD_initialize                            0x08003cf5   Thumb Code    26  sd_diskio.o(i.SD_initialize)
    SD_ioctl                                 0x08003d15   Thumb Code    74  sd_diskio.o(i.SD_ioctl)
    SD_read                                  0x08003d65   Thumb Code    30  sd_diskio.o(i.SD_read)
    SD_status                                0x08003d85   Thumb Code    26  sd_diskio.o(i.SD_status)
    SD_write                                 0x08003da5   Thumb Code    30  sd_diskio.o(i.SD_write)
    SVC_Handler                              0x08003dc3   Thumb Code     2  stm32f1xx_it.o(i.SVC_Handler)
    SysTick_Handler                          0x08003dc5   Thumb Code    14  stm32f1xx_it.o(i.SysTick_Handler)
    SystemClock_Config                       0x08003dd3   Thumb Code   122  main.o(i.SystemClock_Config)
    SystemInit                               0x08003e4d   Thumb Code    56  system_stm32f1xx.o(i.SystemInit)
    TIM7_IRQHandler                          0x08003e95   Thumb Code    20  stm32f1xx_it.o(i.TIM7_IRQHandler)
    TIM_Base_SetConfig                       0x08003ead   Thumb Code   112  stm32f1xx_hal_tim.o(i.TIM_Base_SetConfig)
    UsageFault_Handler                       0x08004133   Thumb Code     2  stm32f1xx_it.o(i.UsageFault_Handler)
    _Error_Handler                           0x08004135   Thumb Code     2  main.o(i._Error_Handler)
    __0sprintf$6                             0x08004139   Thumb Code    34  printf6.o(i.__0sprintf$6)
    __1sprintf$6                             0x08004139   Thumb Code     0  printf6.o(i.__0sprintf$6)
    __2sprintf                               0x08004139   Thumb Code     0  printf6.o(i.__0sprintf$6)
    __scatterload_copy                       0x08004161   Thumb Code    14  handlers.o(i.__scatterload_copy)
    __scatterload_null                       0x0800416f   Thumb Code     2  handlers.o(i.__scatterload_null)
    __scatterload_zeroinit                   0x08004171   Thumb Code    14  handlers.o(i.__scatterload_zeroinit)
    clust2sect                               0x080045e7   Thumb Code    28  ff.o(i.clust2sect)
    disk_initialize                          0x08004a81   Thumb Code    36  diskio.o(i.disk_initialize)
    disk_ioctl                               0x08004aa9   Thumb Code    22  diskio.o(i.disk_ioctl)
    disk_read                                0x08004ac5   Thumb Code    24  diskio.o(i.disk_read)
    disk_status                              0x08004ae1   Thumb Code    18  diskio.o(i.disk_status)
    disk_write                               0x08004af9   Thumb Code    24  diskio.o(i.disk_write)
    f_close                                  0x08004b15   Thumb Code    42  ff.o(i.f_close)
    f_closedir                               0x08004b3f   Thumb Code    36  ff.o(i.f_closedir)
    f_lseek                                  0x08004b63   Thumb Code   584  ff.o(i.f_lseek)
    f_mount                                  0x08004dad   Thumb Code    92  ff.o(i.f_mount)
    f_open                                   0x08004e0d   Thumb Code   466  ff.o(i.f_open)
    f_opendir                                0x08004fe5   Thumb Code   140  ff.o(i.f_opendir)
    f_read                                   0x08005071   Thumb Code   376  ff.o(i.f_read)
    f_readdir                                0x080051e9   Thumb Code    82  ff.o(i.f_readdir)
    f_sync                                   0x0800523b   Thumb Code   162  ff.o(i.f_sync)
    fl_01_flash_unlock                       0x08005545   Thumb Code    12  main.o(i.fl_01_flash_unlock)
    fl_02_erase_page_by_address              0x0800555d   Thumb Code    64  main.o(i.fl_02_erase_page_by_address)
    fl_03_write_data                         0x080055a5   Thumb Code    30  main.o(i.fl_03_write_data)
    fl_04_flash_lock                         0x080055c9   Thumb Code    20  main.o(i.fl_04_flash_lock)
    get_fat                                  0x08005699   Thumb Code   230  ff.o(i.get_fat)
    get_fattime                              0x0800577f   Thumb Code     4  fatfs.o(i.get_fattime)
    m_0_scan_files                           0x080058bd   Thumb Code   268  main.o(i.m_0_scan_files)
    main                                     0x08005a45   Thumb Code   436  main.o(i.main)
    mx_00_machine_init                       0x08005cc5   Thumb Code    92  main.o(i.mx_00_machine_init)
    mx_01_read_settings_from_eeprom          0x08005d61   Thumb Code   126  main.o(i.mx_01_read_settings_from_eeprom)
    mx_02_check_buttons_and_update_settings  0x08005de9   Thumb Code   464  main.o(i.mx_02_check_buttons_and_update_settings)
    mx_03_write_settings_to_eeprom           0x08005fcd   Thumb Code   132  main.o(i.mx_03_write_settings_to_eeprom)
    mx_04_light_leds_by_settings             0x08006091   Thumb Code   444  main.o(i.mx_04_light_leds_by_settings)
    mx_05_check_light                        0x0800625d   Thumb Code    34  main.o(i.mx_05_check_light)
    mx_06_light_leds_off                     0x08006285   Thumb Code   212  main.o(i.mx_06_light_leds_off)
    mx_07_select_track                       0x08006365   Thumb Code   118  main.o(i.mx_07_select_track)
    mx____machine_step                       0x08006411   Thumb Code   366  main.o(i.mx____machine_step)
    pl_00_play_wav                           0x08006591   Thumb Code   220  main.o(i.pl_00_play_wav)
    pl_01_play_stop                          0x080066f9   Thumb Code    52  main.o(i.pl_01_play_stop)
    pl_02_next_buf                           0x0800673d   Thumb Code    96  main.o(i.pl_02_next_buf)
    pl_04_prepare_buffer                     0x080067a9   Thumb Code    46  main.o(i.pl_04_prepare_buffer)
    pl_05_amp_on                             0x080067e1   Thumb Code    40  main.o(i.pl_05_amp_on)
    pl_06_amp_off                            0x08006811   Thumb Code    10  main.o(i.pl_06_amp_off)
    put_fat                                  0x08006821   Thumb Code   286  ff.o(i.put_fat)
    sort_inc_group                           0x080069a5   Thumb Code    46  main.o(i.sort_inc_group)
    toggle_group                             0x08006ae5   Thumb Code    86  main.o(i.toggle_group)
    validate_button_pressed                  0x08006b71   Thumb Code    30  main.o(i.validate_button_pressed)
    xx_00_random_between                     0x08006b95   Thumb Code    90  main.o(i.xx_00_random_between)
    xx_01_poll_adc                           0x08006c31   Thumb Code    24  main.o(i.xx_01_poll_adc)
    AHBPrescTable                            0x08006c50   Data          16  system_stm32f1xx.o(.constdata)
    APBPrescTable                            0x08006c60   Data           8  system_stm32f1xx.o(.constdata)
    SD_Driver                                0x08006c68   Data          20  sd_diskio.o(.constdata)
    __ctype_categories                       0x08006d28   Data          64  ctype_c.o(.constdata)
    Region$$Table$$Base                      0x08006d68   Number         0  anon$$obj.o(Region$$Table)
    Region$$Table$$Limit                     0x08006d88   Number         0  anon$$obj.o(Region$$Table)
    cur_buff                                 0x20000000   Data           1  main.o(.data)
    need_stop                                0x20000001   Data           1  main.o(.data)
    need_update_buffer                       0x20000002   Data           1  main.o(.data)
    is_need_play                             0x20000003   Data           1  main.o(.data)
    need_paly_track_number                   0x2000000a   Data           2  main.o(.data)
    bufflen                                  0x2000000c   Data           4  main.o(.data)
    SDPath                                   0x20000018   Data           4  main.o(.data)
    buff_play_len                            0x2000001c   Data           4  main.o(.data)
    adc_v                                    0x20000020   Data           8  main.o(.data)
    delay_pool_bounds                        0x20000028   Data           8  main.o(.data)
    retSD                                    0x20000030   Data           1  fatfs.o(.data)
    SD_Path                                  0x20000031   Data           4  fatfs.o(.data)
    SystemCoreClock                          0x2000003c   Data           4  system_stm32f1xx.o(.data)
    files_count                              0x2000004c   Data          10  main.o(.bss)
    last_button_state                        0x20000056   Data          14  main.o(.bss)
    hadc1                                    0x2000007c   Data          48  main.o(.bss)
    hdac                                     0x200000ac   Data          20  main.o(.bss)
    hsd                                      0x200000c0   Data          96  main.o(.bss)
    htim6                                    0x20000120   Data          60  main.o(.bss)
    htim7                                    0x2000015c   Data          60  main.o(.bss)
    huart3                                   0x20000198   Data          64  main.o(.bss)
    fatfs                                    0x200001d8   Data        4144  main.o(.bss)
    file                                     0x20001208   Data        4140  main.o(.bss)
    files                                    0x20003234   Data        2000  main.o(.bss)
    machine_settings                         0x20003a04   Data          18  main.o(.bss)
    str                                      0x20003a16   Data         128  main.o(.bss)
    hdma_adc1                                0x20003a98   Data          56  main.o(.bss)
    hdma_dac_ch2                             0x20003ad0   Data          56  main.o(.bss)
    SDCardInfo                               0x20003b08   Data          88  main.o(.bss)
    disk                                     0x20003b60   Data          12  ff_gen_drv.o(.bss)
    __initial_sp                             0x20003f88   Data           0  startup_stm32f103xe.o(STACK)



==============================================================================

Memory Map of the image

  Image Entry point : 0x08000131

  Load Region LR_IROM1 (Base: 0x08000000, Size: 0x00006dd4, Max: 0x00040000, ABSOLUTE)

    Execution Region ER_IROM1 (Base: 0x08000000, Size: 0x00006d88, Max: 0x00040000, ABSOLUTE)

    Base Addr    Size         Type   Attr      Idx    E Section Name        Object

    0x08000000   0x00000130   Data   RO            3    RESET               startup_stm32f103xe.o
    0x08000130   0x00000000   Code   RO         4051  * .ARM.Collect$$$$00000000  mc_w.l(entry.o)
    0x08000130   0x00000004   Code   RO         4329    .ARM.Collect$$$$00000001  mc_w.l(entry2.o)
    0x08000134   0x00000004   Code   RO         4332    .ARM.Collect$$$$00000004  mc_w.l(entry5.o)
    0x08000138   0x00000000   Code   RO         4334    .ARM.Collect$$$$00000008  mc_w.l(entry7b.o)
    0x08000138   0x00000000   Code   RO         4336    .ARM.Collect$$$$0000000A  mc_w.l(entry8b.o)
    0x08000138   0x00000008   Code   RO         4337    .ARM.Collect$$$$0000000B  mc_w.l(entry9a.o)
    0x08000140   0x00000000   Code   RO         4339    .ARM.Collect$$$$0000000D  mc_w.l(entry10a.o)
    0x08000140   0x00000000   Code   RO         4341    .ARM.Collect$$$$0000000F  mc_w.l(entry11a.o)
    0x08000140   0x00000004   Code   RO         4330    .ARM.Collect$$$$00002712  mc_w.l(entry2.o)
    0x08000144   0x00000024   Code   RO            4    .text               startup_stm32f103xe.o
    0x08000168   0x00000024   Code   RO         4056    .text               mc_w.l(memseta.o)
    0x0800018c   0x00000024   Code   RO         4058    .text               mc_w.l(strstr.o)
    0x080001b0   0x0000000e   Code   RO         4060    .text               mc_w.l(strlen.o)
    0x080001be   0x00000012   Code   RO         4062    .text               mc_w.l(strcpy.o)
    0x080001d0   0x00000038   Code   RO         4325    .text               mc_w.l(__0sscanf.o)
    0x08000208   0x0000014c   Code   RO         4327    .text               mc_w.l(_scanf_int.o)
    0x08000354   0x0000002c   Code   RO         4346    .text               mc_w.l(uidiv.o)
    0x08000380   0x0000001c   Code   RO         4350    .text               mc_w.l(_chval.o)
    0x0800039c   0x00000028   Code   RO         4352    .text               mc_w.l(scanf_char.o)
    0x080003c4   0x00000040   Code   RO         4354    .text               mc_w.l(_sgetc.o)
    0x08000404   0x00000024   Code   RO         4367    .text               mc_w.l(init.o)
    0x08000428   0x0000000a   Code   RO         4374    .text               mc_w.l(isspace_c.o)
    0x08000432   0x00000002   PAD
    0x08000434   0x0000032c   Code   RO         4376    .text               mc_w.l(_scanf.o)
    0x08000760   0x00000028   Code   RO         4381    .text               mc_w.l(ctype_c.o)
    0x08000788   0x0000000c   Code   RO          449    i.ADC1_2_IRQHandler  stm32f1xx_it.o
    0x08000794   0x0000004a   Code   RO         3320    i.ADC_ConversionStop_Disable  stm32f1xx_hal_adc.o
    0x080007de   0x0000004e   Code   RO         3321    i.ADC_DMAConvCplt   stm32f1xx_hal_adc.o
    0x0800082c   0x0000001a   Code   RO         3322    i.ADC_DMAError      stm32f1xx_hal_adc.o
    0x08000846   0x0000000a   Code   RO         3323    i.ADC_DMAHalfConvCplt  stm32f1xx_hal_adc.o
    0x08000850   0x00000070   Code   RO         3324    i.ADC_Enable        stm32f1xx_hal_adc.o
    0x080008c0   0x0000000c   Code   RO          590    i.BSP_SD_GetCardInfo  bsp_driver_sd.o
    0x080008cc   0x0000000c   Code   RO          591    i.BSP_SD_GetStatus  bsp_driver_sd.o
    0x080008d8   0x0000003c   Code   RO          594    i.BSP_SD_Init       bsp_driver_sd.o
    0x08000914   0x00000020   Code   RO          596    i.BSP_SD_ReadBlocks  bsp_driver_sd.o
    0x08000934   0x00000020   Code   RO          598    i.BSP_SD_WriteBlocks  bsp_driver_sd.o
    0x08000954   0x00000002   Code   RO          450    i.BusFault_Handler  stm32f1xx_it.o
    0x08000956   0x00000010   Code   RO         3014    i.DAC_DMAConvCpltCh1  stm32f1xx_hal_dac.o
    0x08000966   0x00000010   Code   RO         3242    i.DAC_DMAConvCpltCh2  stm32f1xx_hal_dac_ex.o
    0x08000976   0x00000018   Code   RO         3015    i.DAC_DMAErrorCh1   stm32f1xx_hal_dac.o
    0x0800098e   0x00000018   Code   RO         3243    i.DAC_DMAErrorCh2   stm32f1xx_hal_dac_ex.o
    0x080009a6   0x0000000a   Code   RO         3016    i.DAC_DMAHalfConvCpltCh1  stm32f1xx_hal_dac.o
    0x080009b0   0x0000000a   Code   RO         3244    i.DAC_DMAHalfConvCpltCh2  stm32f1xx_hal_dac_ex.o
    0x080009ba   0x00000002   PAD
    0x080009bc   0x0000000c   Code   RO          451    i.DMA1_Channel1_IRQHandler  stm32f1xx_it.o
    0x080009c8   0x00000014   Code   RO          452    i.DMA2_Channel4_5_IRQHandler  stm32f1xx_it.o
    0x080009dc   0x0000001e   Code   RO         1123    i.DMA_SetConfig     stm32f1xx_hal_dma.o
    0x080009fa   0x00000002   Code   RO          453    i.DebugMon_Handler  stm32f1xx_it.o
    0x080009fc   0x00000006   Code   RO         3684    i.FATFS_LinkDriver  ff_gen_drv.o
    0x08000a02   0x00000002   PAD
    0x08000a04   0x00000040   Code   RO         3685    i.FATFS_LinkDriverEx  ff_gen_drv.o
    0x08000a44   0x00000002   Code   RO         3148    i.HAL_ADCEx_InjectedConvCpltCallback  stm32f1xx_hal_adc_ex.o
    0x08000a46   0x00000002   PAD
    0x08000a48   0x00000168   Code   RO         3326    i.HAL_ADC_ConfigChannel  stm32f1xx_hal_adc.o
    0x08000bb0   0x00000002   Code   RO           13    i.HAL_ADC_ConvCpltCallback  main.o
    0x08000bb2   0x00000002   Code   RO         3328    i.HAL_ADC_ConvHalfCpltCallback  stm32f1xx_hal_adc.o
    0x08000bb4   0x00000002   Code   RO         3330    i.HAL_ADC_ErrorCallback  stm32f1xx_hal_adc.o
    0x08000bb6   0x000000e6   Code   RO         3334    i.HAL_ADC_IRQHandler  stm32f1xx_hal_adc.o
    0x08000c9c   0x00000140   Code   RO         3335    i.HAL_ADC_Init      stm32f1xx_hal_adc.o
    0x08000ddc   0x00000002   Code   RO         3336    i.HAL_ADC_LevelOutOfWindowCallback  stm32f1xx_hal_adc.o
    0x08000dde   0x00000002   PAD
    0x08000de0   0x000000a4   Code   RO          365    i.HAL_ADC_MspInit   stm32f1xx_hal_msp.o
    0x08000e84   0x0000010c   Code   RO         3342    i.HAL_ADC_Start_DMA  stm32f1xx_hal_adc.o
    0x08000f90   0x000000cc   Code   RO         3343    i.HAL_ADC_Start_IT  stm32f1xx_hal_adc.o
    0x0800105c   0x00000002   Code   RO         3245    i.HAL_DACEx_ConvCpltCallbackCh2  stm32f1xx_hal_dac_ex.o
    0x0800105e   0x00000002   Code   RO         3246    i.HAL_DACEx_ConvHalfCpltCallbackCh2  stm32f1xx_hal_dac_ex.o
    0x08001060   0x00000002   Code   RO         3249    i.HAL_DACEx_ErrorCallbackCh2  stm32f1xx_hal_dac_ex.o
    0x08001062   0x00000034   Code   RO         3250    i.HAL_DACEx_NoiseWaveGenerate  stm32f1xx_hal_dac_ex.o
    0x08001096   0x00000042   Code   RO         3017    i.HAL_DAC_ConfigChannel  stm32f1xx_hal_dac.o
    0x080010d8   0x00000002   Code   RO         3018    i.HAL_DAC_ConvCpltCallbackCh1  stm32f1xx_hal_dac.o
    0x080010da   0x00000002   Code   RO         3019    i.HAL_DAC_ConvHalfCpltCallbackCh1  stm32f1xx_hal_dac.o
    0x080010dc   0x00000002   Code   RO         3021    i.HAL_DAC_ErrorCallbackCh1  stm32f1xx_hal_dac.o
    0x080010de   0x0000000c   Code   RO         3024    i.HAL_DAC_GetValue  stm32f1xx_hal_dac.o
    0x080010ea   0x00000028   Code   RO         3025    i.HAL_DAC_Init      stm32f1xx_hal_dac.o
    0x08001112   0x00000002   PAD
    0x08001114   0x00000098   Code   RO          367    i.HAL_DAC_MspInit   stm32f1xx_hal_msp.o
    0x080011ac   0x0000001a   Code   RO         3028    i.HAL_DAC_SetValue  stm32f1xx_hal_dac.o
    0x080011c6   0x00000054   Code   RO         3029    i.HAL_DAC_Start     stm32f1xx_hal_dac.o
    0x0800121a   0x00000002   PAD
    0x0800121c   0x000000ec   Code   RO         3030    i.HAL_DAC_Start_DMA  stm32f1xx_hal_dac.o
    0x08001308   0x00000016   Code   RO         3031    i.HAL_DAC_Stop      stm32f1xx_hal_dac.o
    0x0800131e   0x00000038   Code   RO         3032    i.HAL_DAC_Stop_DMA  stm32f1xx_hal_dac.o
    0x08001356   0x00000054   Code   RO         1124    i.HAL_DMA_Abort     stm32f1xx_hal_dma.o
    0x080013aa   0x00000002   PAD
    0x080013ac   0x000004ac   Code   RO         1128    i.HAL_DMA_IRQHandler  stm32f1xx_hal_dma.o
    0x08001858   0x00000050   Code   RO         1129    i.HAL_DMA_Init      stm32f1xx_hal_dma.o
    0x080018a8   0x00000058   Code   RO         1132    i.HAL_DMA_Start_IT  stm32f1xx_hal_dma.o
    0x08001900   0x00000016   Code   RO         1207    i.HAL_Delay         stm32f1xx_hal.o
    0x08001916   0x00000002   PAD
    0x08001918   0x000001ec   Code   RO         1968    i.HAL_GPIO_Init     stm32f1xx_hal_gpio.o
    0x08001b04   0x0000000a   Code   RO         1970    i.HAL_GPIO_ReadPin  stm32f1xx_hal_gpio.o
    0x08001b0e   0x0000000a   Code   RO         1972    i.HAL_GPIO_WritePin  stm32f1xx_hal_gpio.o
    0x08001b18   0x0000000c   Code   RO         1211    i.HAL_GetTick       stm32f1xx_hal.o
    0x08001b24   0x00000010   Code   RO         1212    i.HAL_IncTick       stm32f1xx_hal.o
    0x08001b34   0x00000024   Code   RO         1213    i.HAL_Init          stm32f1xx_hal.o
    0x08001b58   0x00000022   Code   RO         1214    i.HAL_InitTick      stm32f1xx_hal.o
    0x08001b7a   0x00000002   PAD
    0x08001b7c   0x00000080   Code   RO          368    i.HAL_MspInit       stm32f1xx_hal_msp.o
    0x08001bfc   0x00000016   Code   RO          820    i.HAL_NVIC_EnableIRQ  stm32f1xx_hal_cortex.o
    0x08001c12   0x00000002   PAD
    0x08001c14   0x00000040   Code   RO          826    i.HAL_NVIC_SetPriority  stm32f1xx_hal_cortex.o
    0x08001c54   0x00000024   Code   RO          827    i.HAL_NVIC_SetPriorityGrouping  stm32f1xx_hal_cortex.o
    0x08001c78   0x0000012c   Code   RO         2368    i.HAL_RCCEx_PeriphCLKConfig  stm32f1xx_hal_rcc_ex.o
    0x08001da4   0x00000180   Code   RO         2265    i.HAL_RCC_ClockConfig  stm32f1xx_hal_rcc.o
    0x08001f24   0x0000000c   Code   RO         2270    i.HAL_RCC_GetHCLKFreq  stm32f1xx_hal_rcc.o
    0x08001f30   0x00000030   Code   RO         2272    i.HAL_RCC_GetPCLK1Freq  stm32f1xx_hal_rcc.o
    0x08001f60   0x00000030   Code   RO         2273    i.HAL_RCC_GetPCLK2Freq  stm32f1xx_hal_rcc.o
    0x08001f90   0x00000088   Code   RO         2274    i.HAL_RCC_GetSysClockFreq  stm32f1xx_hal_rcc.o
    0x08002018   0x0000057a   Code   RO         2277    i.HAL_RCC_OscConfig  stm32f1xx_hal_rcc.o
    0x08002592   0x0000001a   Code   RO         2543    i.HAL_SD_GetStatus  stm32f1xx_hal_sd.o
    0x080025ac   0x000002b8   Code   RO         2544    i.HAL_SD_Get_CardInfo  stm32f1xx_hal_sd.o
    0x08002864   0x000000bc   Code   RO         2547    i.HAL_SD_Init       stm32f1xx_hal_sd.o
    0x08002920   0x00000058   Code   RO          370    i.HAL_SD_MspInit    stm32f1xx_hal_msp.o
    0x08002978   0x0000018e   Code   RO         2550    i.HAL_SD_ReadBlocks  stm32f1xx_hal_sd.o
    0x08002b06   0x00000034   Code   RO         2553    i.HAL_SD_StopTransfer  stm32f1xx_hal_sd.o
    0x08002b3a   0x00000080   Code   RO         2554    i.HAL_SD_WideBusOperation_Config  stm32f1xx_hal_sd.o
    0x08002bba   0x000001e4   Code   RO         2555    i.HAL_SD_WriteBlocks  stm32f1xx_hal_sd.o
    0x08002d9e   0x00000018   Code   RO          829    i.HAL_SYSTICK_CLKSourceConfig  stm32f1xx_hal_cortex.o
    0x08002db6   0x00000002   Code   RO          830    i.HAL_SYSTICK_Callback  stm32f1xx_hal_cortex.o
    0x08002db8   0x00000028   Code   RO          831    i.HAL_SYSTICK_Config  stm32f1xx_hal_cortex.o
    0x08002de0   0x00000008   Code   RO          832    i.HAL_SYSTICK_IRQHandler  stm32f1xx_hal_cortex.o
    0x08002de8   0x00000002   Code   RO         2031    i.HAL_TIMEx_BreakCallback  stm32f1xx_hal_tim_ex.o
    0x08002dea   0x00000002   Code   RO         2032    i.HAL_TIMEx_CommutationCallback  stm32f1xx_hal_tim_ex.o
    0x08002dec   0x00000050   Code   RO         2048    i.HAL_TIMEx_MasterConfigSynchronization  stm32f1xx_hal_tim_ex.o
    0x08002e3c   0x00000036   Code   RO         1336    i.HAL_TIM_Base_Init  stm32f1xx_hal_tim.o
    0x08002e72   0x00000002   PAD
    0x08002e74   0x00000054   Code   RO          372    i.HAL_TIM_Base_MspInit  stm32f1xx_hal_msp.o
    0x08002ec8   0x0000001a   Code   RO         1339    i.HAL_TIM_Base_Start  stm32f1xx_hal_tim.o
    0x08002ee2   0x00000018   Code   RO         1341    i.HAL_TIM_Base_Start_IT  stm32f1xx_hal_tim.o
    0x08002efa   0x0000002c   Code   RO         1342    i.HAL_TIM_Base_Stop  stm32f1xx_hal_tim.o
    0x08002f26   0x00000002   Code   RO         1365    i.HAL_TIM_IC_CaptureCallback  stm32f1xx_hal_tim.o
    0x08002f28   0x00000166   Code   RO         1378    i.HAL_TIM_IRQHandler  stm32f1xx_hal_tim.o
    0x0800308e   0x00000002   Code   RO         1381    i.HAL_TIM_OC_DelayElapsedCallback  stm32f1xx_hal_tim.o
    0x08003090   0x00000002   Code   RO         1408    i.HAL_TIM_PWM_PulseFinishedCallback  stm32f1xx_hal_tim.o
    0x08003092   0x00000002   Code   RO         1415    i.HAL_TIM_PeriodElapsedCallback  stm32f1xx_hal_tim.o
    0x08003094   0x00000002   Code   RO         1419    i.HAL_TIM_TriggerCallback  stm32f1xx_hal_tim.o
    0x08003096   0x0000005e   Code   RO         2793    i.HAL_UART_Init     stm32f1xx_hal_uart.o
    0x080030f4   0x00000058   Code   RO          374    i.HAL_UART_MspInit  stm32f1xx_hal_msp.o
    0x0800314c   0x000000c8   Code   RO         2801    i.HAL_UART_Transmit  stm32f1xx_hal_uart.o
    0x08003214   0x00000002   Code   RO          454    i.HardFault_Handler  stm32f1xx_it.o
    0x08003216   0x00000002   PAD
    0x08003218   0x00000030   Code   RO           14    i.Log               main.o
    0x08003248   0x00000058   Code   RO           15    i.MX_ADC1_Init      main.o
    0x080032a0   0x00000054   Code   RO           16    i.MX_DAC_Init       main.o
    0x080032f4   0x0000001c   Code   RO          549    i.MX_FATFS_Init     fatfs.o
    0x08003310   0x00000110   Code   RO           17    i.MX_GPIO_Init      main.o
    0x08003420   0x00000002   Code   RO          455    i.MemManage_Handler  stm32f1xx_it.o
    0x08003422   0x00000002   Code   RO          456    i.NMI_Handler       stm32f1xx_it.o
    0x08003424   0x00000020   Code   RO          833    i.NVIC_SetPriority  stm32f1xx_hal_cortex.o
    0x08003444   0x00000002   Code   RO          457    i.PendSV_Handler    stm32f1xx_it.o
    0x08003446   0x00000024   Code   RO         2438    i.SDIO_DataConfig   stm32f1xx_ll_sdmmc.o
    0x0800346a   0x00000006   Code   RO         2439    i.SDIO_GetCommandResponse  stm32f1xx_ll_sdmmc.o
    0x08003470   0x00000008   Code   RO         2442    i.SDIO_GetPowerState  stm32f1xx_ll_sdmmc.o
    0x08003478   0x00000010   Code   RO         2443    i.SDIO_GetResponse  stm32f1xx_ll_sdmmc.o
    0x08003488   0x00000024   Code   RO         2444    i.SDIO_Init         stm32f1xx_ll_sdmmc.o
    0x080034ac   0x00000008   Code   RO         2446    i.SDIO_PowerState_ON  stm32f1xx_ll_sdmmc.o
    0x080034b4   0x00000006   Code   RO         2447    i.SDIO_ReadFIFO     stm32f1xx_ll_sdmmc.o
    0x080034ba   0x00000020   Code   RO         2448    i.SDIO_SendCommand  stm32f1xx_ll_sdmmc.o
    0x080034da   0x0000000a   Code   RO         2450    i.SDIO_WriteFIFO    stm32f1xx_ll_sdmmc.o
    0x080034e4   0x000000ec   Code   RO         2559    i.SD_CmdResp1Error  stm32f1xx_hal_sd.o
    0x080035d0   0x0000002e   Code   RO         2560    i.SD_CmdResp2Error  stm32f1xx_hal_sd.o
    0x080035fe   0x00000074   Code   RO         2561    i.SD_CmdResp6Error  stm32f1xx_hal_sd.o
    0x08003672   0x00000046   Code   RO         2562    i.SD_CmdResp7Error  stm32f1xx_hal_sd.o
    0x080036b8   0x0000011a   Code   RO         2567    i.SD_FindSCR        stm32f1xx_hal_sd.o
    0x080037d2   0x00000054   Code   RO         2568    i.SD_GetState       stm32f1xx_hal_sd.o
    0x08003826   0x000000fa   Code   RO         2569    i.SD_Initialize_Cards  stm32f1xx_hal_sd.o
    0x08003920   0x00000144   Code   RO         2570    i.SD_IsCardProgramming  stm32f1xx_hal_sd.o
    0x08003a64   0x00000194   Code   RO         2571    i.SD_PowerON        stm32f1xx_hal_sd.o
    0x08003bf8   0x0000007c   Code   RO         2572    i.SD_WideBus_Disable  stm32f1xx_hal_sd.o
    0x08003c74   0x0000007e   Code   RO         2573    i.SD_WideBus_Enable  stm32f1xx_hal_sd.o
    0x08003cf2   0x00000002   PAD
    0x08003cf4   0x00000020   Code   RO         3624    i.SD_initialize     sd_diskio.o
    0x08003d14   0x00000050   Code   RO         3625    i.SD_ioctl          sd_diskio.o
    0x08003d64   0x0000001e   Code   RO         3626    i.SD_read           sd_diskio.o
    0x08003d82   0x00000002   PAD
    0x08003d84   0x00000020   Code   RO         3627    i.SD_status         sd_diskio.o
    0x08003da4   0x0000001e   Code   RO         3628    i.SD_write          sd_diskio.o
    0x08003dc2   0x00000002   Code   RO          458    i.SVC_Handler       stm32f1xx_it.o
    0x08003dc4   0x0000000e   Code   RO          459    i.SysTick_Handler   stm32f1xx_it.o
    0x08003dd2   0x0000007a   Code   RO           18    i.SystemClock_Config  main.o
    0x08003e4c   0x00000048   Code   RO         3501    i.SystemInit        system_stm32f1xx.o
    0x08003e94   0x00000018   Code   RO          460    i.TIM7_IRQHandler   stm32f1xx_it.o
    0x08003eac   0x00000084   Code   RO         1420    i.TIM_Base_SetConfig  stm32f1xx_hal_tim.o
    0x08003f30   0x00000170   Code   RO         2812    i.UART_SetConfig    stm32f1xx_hal_uart.o
    0x080040a0   0x00000092   Code   RO         2814    i.UART_WaitOnFlagUntilTimeout  stm32f1xx_hal_uart.o
    0x08004132   0x00000002   Code   RO          461    i.UsageFault_Handler  stm32f1xx_it.o
    0x08004134   0x00000002   Code   RO           19    i._Error_Handler    main.o
    0x08004136   0x00000002   PAD
    0x08004138   0x00000028   Code   RO         4221    i.__0sprintf$6      mc_w.l(printf6.o)
    0x08004160   0x0000000e   Code   RO         4386    i.__scatterload_copy  mc_w.l(handlers.o)
    0x0800416e   0x00000002   Code   RO         4387    i.__scatterload_null  mc_w.l(handlers.o)
    0x08004170   0x0000000e   Code   RO         4388    i.__scatterload_zeroinit  mc_w.l(handlers.o)
    0x0800417e   0x00000002   PAD
    0x08004180   0x000002f0   Code   RO         4226    i._printf_core      mc_w.l(printf6.o)
    0x08004470   0x00000024   Code   RO         4227    i._printf_post_padding  mc_w.l(printf6.o)
    0x08004494   0x0000002e   Code   RO         4228    i._printf_pre_padding  mc_w.l(printf6.o)
    0x080044c2   0x0000000a   Code   RO         4230    i._sputc            mc_w.l(printf6.o)
    0x080044cc   0x00000060   Code   RO         3734    i.check_fs          ff.o
    0x0800452c   0x00000068   Code   RO         3735    i.chk_lock          ff.o
    0x08004594   0x00000024   Code   RO         3736    i.clear_lock        ff.o
    0x080045b8   0x0000002e   Code   RO         3737    i.clmt_clust        ff.o
    0x080045e6   0x0000001c   Code   RO         3738    i.clust2sect        ff.o
    0x08004602   0x000000a4   Code   RO         3739    i.create_chain      ff.o
    0x080046a6   0x00000002   PAD
    0x080046a8   0x00000104   Code   RO         3740    i.create_name       ff.o
    0x080047ac   0x0000003c   Code   RO         3741    i.dec_lock          ff.o
    0x080047e8   0x0000011c   Code   RO         3742    i.dir_next          ff.o
    0x08004904   0x00000060   Code   RO         3743    i.dir_read          ff.o
    0x08004964   0x00000080   Code   RO         3744    i.dir_register      ff.o
    0x080049e4   0x0000009a   Code   RO         3746    i.dir_sdi           ff.o
    0x08004a7e   0x00000002   PAD
    0x08004a80   0x00000028   Code   RO         3538    i.disk_initialize   diskio.o
    0x08004aa8   0x0000001c   Code   RO         3539    i.disk_ioctl        diskio.o
    0x08004ac4   0x0000001c   Code   RO         3540    i.disk_read         diskio.o
    0x08004ae0   0x00000018   Code   RO         3541    i.disk_status       diskio.o
    0x08004af8   0x0000001c   Code   RO         3542    i.disk_write        diskio.o
    0x08004b14   0x0000002a   Code   RO         3748    i.f_close           ff.o
    0x08004b3e   0x00000024   Code   RO         3749    i.f_closedir        ff.o
    0x08004b62   0x00000248   Code   RO         3752    i.f_lseek           ff.o
    0x08004daa   0x00000002   PAD
    0x08004dac   0x00000060   Code   RO         3755    i.f_mount           ff.o
    0x08004e0c   0x000001d8   Code   RO         3756    i.f_open            ff.o
    0x08004fe4   0x0000008c   Code   RO         3757    i.f_opendir         ff.o
    0x08005070   0x00000178   Code   RO         3761    i.f_read            ff.o
    0x080051e8   0x00000052   Code   RO         3762    i.f_readdir         ff.o
    0x0800523a   0x000000a2   Code   RO         3765    i.f_sync            ff.o
    0x080052dc   0x00000268   Code   RO         3770    i.find_volume       ff.o
    0x08005544   0x00000018   Code   RO           20    i.fl_01_flash_unlock  main.o
    0x0800555c   0x00000048   Code   RO           21    i.fl_02_erase_page_by_address  main.o
    0x080055a4   0x00000024   Code   RO           22    i.fl_03_write_data  main.o
    0x080055c8   0x00000018   Code   RO           23    i.fl_04_flash_lock  main.o
    0x080055e0   0x000000b8   Code   RO         3771    i.follow_path       ff.o
    0x08005698   0x000000e6   Code   RO         3772    i.get_fat           ff.o
    0x0800577e   0x00000004   Code   RO          550    i.get_fattime       fatfs.o
    0x08005782   0x00000050   Code   RO         3773    i.get_fileinfo      ff.o
    0x080057d2   0x0000003c   Code   RO         3774    i.get_ldnumber      ff.o
    0x0800580e   0x00000002   PAD
    0x08005810   0x00000094   Code   RO         3775    i.inc_lock          ff.o
    0x080058a4   0x00000016   Code   RO         3776    i.ld_clust          ff.o
    0x080058ba   0x00000002   PAD
    0x080058bc   0x00000188   Code   RO           25    i.m_0_scan_files    main.o
    0x08005a44   0x00000228   Code   RO           26    i.main              main.o
    0x08005c6c   0x00000010   Code   RO         3777    i.mem_cpy           ff.o
    0x08005c7c   0x0000000e   Code   RO         3778    i.mem_set           ff.o
    0x08005c8a   0x00000038   Code   RO         3779    i.move_window       ff.o
    0x08005cc2   0x00000002   PAD
    0x08005cc4   0x0000009c   Code   RO           27    i.mx_00_machine_init  main.o
    0x08005d60   0x00000088   Code   RO           28    i.mx_01_read_settings_from_eeprom  main.o
    0x08005de8   0x000001e4   Code   RO           29    i.mx_02_check_buttons_and_update_settings  main.o
    0x08005fcc   0x000000c4   Code   RO           30    i.mx_03_write_settings_to_eeprom  main.o
    0x08006090   0x000001cc   Code   RO           31    i.mx_04_light_leds_by_settings  main.o
    0x0800625c   0x00000028   Code   RO           32    i.mx_05_check_light  main.o
    0x08006284   0x000000e0   Code   RO           33    i.mx_06_light_leds_off  main.o
    0x08006364   0x000000ac   Code   RO           34    i.mx_07_select_track  main.o
    0x08006410   0x00000180   Code   RO           35    i.mx____machine_step  main.o
    0x08006590   0x00000168   Code   RO           36    i.pl_00_play_wav    main.o
    0x080066f8   0x00000044   Code   RO           37    i.pl_01_play_stop   main.o
    0x0800673c   0x0000006c   Code   RO           38    i.pl_02_next_buf    main.o
    0x080067a8   0x00000038   Code   RO           39    i.pl_04_prepare_buffer  main.o
    0x080067e0   0x00000030   Code   RO           40    i.pl_05_amp_on      main.o
    0x08006810   0x00000010   Code   RO           41    i.pl_06_amp_off     main.o
    0x08006820   0x0000011e   Code   RO         3780    i.put_fat           ff.o
    0x0800693e   0x00000066   Code   RO         3782    i.remove_chain      ff.o
    0x080069a4   0x00000034   Code   RO           42    i.sort_inc_group    main.o
    0x080069d8   0x00000010   Code   RO         3783    i.st_clust          ff.o
    0x080069e8   0x000000a8   Code   RO         3784    i.sync_fs           ff.o
    0x08006a90   0x00000052   Code   RO         3785    i.sync_window       ff.o
    0x08006ae2   0x00000002   PAD
    0x08006ae4   0x00000060   Code   RO           43    i.toggle_group      main.o
    0x08006b44   0x0000002a   Code   RO         3786    i.validate          ff.o
    0x08006b6e   0x00000002   PAD
    0x08006b70   0x00000024   Code   RO           44    i.validate_button_pressed  main.o
    0x08006b94   0x0000009c   Code   RO           45    i.xx_00_random_between  main.o
    0x08006c30   0x00000020   Code   RO           46    i.xx_01_poll_adc    main.o
    0x08006c50   0x00000010   Data   RO         3502    .constdata          system_stm32f1xx.o
    0x08006c60   0x00000008   Data   RO         3503    .constdata          system_stm32f1xx.o
    0x08006c68   0x00000014   Data   RO         3629    .constdata          sd_diskio.o
    0x08006c7c   0x000000ac   Data   RO         3788    .constdata          ff.o
    0x08006d28   0x00000040   Data   RO         4382    .constdata          mc_w.l(ctype_c.o)
    0x08006d68   0x00000020   Data   RO         4384    Region$$Table       anon$$obj.o


    Execution Region RW_IRAM1 (Base: 0x20000000, Size: 0x00003f88, Max: 0x0000c000, ABSOLUTE)

    Base Addr    Size         Type   Attr      Idx    E Section Name        Object

    0x20000000   0x00000030   Data   RW           51    .data               main.o
    0x20000030   0x00000005   Data   RW          551    .data               fatfs.o
    0x20000035   0x00000003   PAD
    0x20000038   0x00000004   Data   RW         1219    .data               stm32f1xx_hal.o
    0x2000003c   0x00000004   Data   RW         3504    .data               system_stm32f1xx.o
    0x20000040   0x00000001   Data   RW         3630    .data               sd_diskio.o
    0x20000041   0x00000003   PAD
    0x20000044   0x00000008   Data   RW         3789    .data               ff.o
    0x2000004c   0x00003a4a   Zero   RW           47    .bss                main.o
    0x20003a96   0x00000002   PAD
    0x20003a98   0x00000038   Zero   RW           48    .bss                main.o
    0x20003ad0   0x00000038   Zero   RW           49    .bss                main.o
    0x20003b08   0x00000058   Zero   RW           50    .bss                main.o
    0x20003b60   0x0000000c   Zero   RW         3688    .bss                ff_gen_drv.o
    0x20003b6c   0x00000018   Zero   RW         3787    .bss                ff.o
    0x20003b84   0x00000004   PAD
    0x20003b88   0x00000400   Zero   RW            1    STACK               startup_stm32f103xe.o


==============================================================================

Image component sizes


      Code (inc. data)   RO Data    RW Data    ZI Data      Debug   Object Name

       148         32          0          0          0       3882   bsp_driver_sd.o
       148         24          0          0          0       4293   diskio.o
        32         10          0          5          0       1842   fatfs.o
      5568         68        172          8         24      43000   ff.o
        70          4          0          0         12       1935   ff_gen_drv.o
      4998        910          0         48      15122     577857   main.o
       204         18         20          1          0       5048   sd_diskio.o
        36          8        304          0       1024        864   startup_stm32f103xe.o
       120         16          0          4          0       4430   stm32f1xx_hal.o
      1688         70          0          0          0      11938   stm32f1xx_hal_adc.o
         2          0          0          0          0       1353   stm32f1xx_hal_adc_ex.o
       228         14          0          0          0      28417   stm32f1xx_hal_cortex.o
       598         26          0          0          0      11498   stm32f1xx_hal_dac.o
       108          0          0          0          0       5535   stm32f1xx_hal_dac_ex.o
      1478         18          0          0          0       5171   stm32f1xx_hal_dma.o
       512         42          0          0          0       4147   stm32f1xx_hal_gpio.o
       704        146          0          0          0       5054   stm32f1xx_hal_msp.o
      2030         98          0          0          0       6828   stm32f1xx_hal_rcc.o
       300         14          0          0          0       1608   stm32f1xx_hal_rcc_ex.o
      4034         14          0          0          0      24087   stm32f1xx_hal_sd.o
       648         20          0          0          0       9500   stm32f1xx_hal_tim.o
        84          0          0          0          0       2846   stm32f1xx_hal_tim_ex.o
       808          4          0          0          0       4604   stm32f1xx_hal_uart.o
        98         20          0          0          0       7188   stm32f1xx_it.o
       158          4          0          0          0       6889   stm32f1xx_ll_sdmmc.o
        72         16         24          4          0       1503   system_stm32f1xx.o

    ----------------------------------------------------------------------
     24920       1596        552         76      16188     781317   Object Totals
         0          0         32          0          0          0   (incl. Generated)
        46          0          0          6          6          0   (incl. Padding)

    ----------------------------------------------------------------------

      Code (inc. data)   RO Data    RW Data    ZI Data      Debug   Library Member Name

        56          8          0          0          0         84   __0sscanf.o
        28          0          0          0          0         68   _chval.o
       812          4          0          0          0        112   _scanf.o
       332          0          0          0          0         96   _scanf_int.o
        64          0          0          0          0         84   _sgetc.o
        40          6         64          0          0         68   ctype_c.o
         0          0          0          0          0          0   entry.o
         0          0          0          0          0          0   entry10a.o
         0          0          0          0          0          0   entry11a.o
         8          4          0          0          0          0   entry2.o
         4          0          0          0          0          0   entry5.o
         0          0          0          0          0          0   entry7b.o
         0          0          0          0          0          0   entry8b.o
         8          4          0          0          0          0   entry9a.o
        30          0          0          0          0          0   handlers.o
        36          8          0          0          0         68   init.o
        10          0          0          0          0         68   isspace_c.o
        36          0          0          0          0        108   memseta.o
       884         10          0          0          0        420   printf6.o
        40          8          0          0          0         84   scanf_char.o
        18          0          0          0          0         68   strcpy.o
        14          0          0          0          0         68   strlen.o
        36          0          0          0          0         80   strstr.o
        44          0          0          0          0         80   uidiv.o

    ----------------------------------------------------------------------
      2504         52         64          0          0       1556   Library Totals
         4          0          0          0          0          0   (incl. Padding)

    ----------------------------------------------------------------------

      Code (inc. data)   RO Data    RW Data    ZI Data      Debug   Library Name

      2500         52         64          0          0       1556   mc_w.l

    ----------------------------------------------------------------------
      2504         52         64          0          0       1556   Library Totals

    ----------------------------------------------------------------------

==============================================================================


      Code (inc. data)   RO Data    RW Data    ZI Data      Debug   

     27424       1648        616         76      16188     771169   Grand Totals
     27424       1648        616         76      16188     771169   ELF Image Totals
     27424       1648        616         76          0          0   ROM Totals

==============================================================================

    Total RO  Size (Code + RO Data)                28040 (  27.38kB)
    Total RW  Size (RW Data + ZI Data)             16264 (  15.88kB)
    Total ROM Size (Code + RO Data + RW Data)      28116 (  27.46kB)

==============================================================================

